15:53:21 **** Build of configuration Debug for project adc_bsp_xspi_low_level_example_1 ****
make all 
'Building file: ../src/xspi_low_level_example.c'
'Invoking: MicroBlaze gcc compiler'
mb-gcc -Wall -O0 -g3 -c -fmessage-length=0 -MT"src/xspi_low_level_example.o" -I../../adc_bsp/microblaze_0/include -mlittle-endian -mcpu=v10.0 -mxl-soft-mul -Wl,--no-relax -MMD -MP -MF"src/xspi_low_level_example.d" -MT"src/xspi_low_level_example.o" -o "src/xspi_low_level_example.o" "../src/xspi_low_level_example.c"
'Finished building: ../src/xspi_low_level_example.c'
' '
'Building target: adc_bsp_xspi_low_level_example_1.elf'
'Invoking: MicroBlaze gcc linker'
mb-gcc -Wl,-T -Wl,../src/lscript.ld -L../../adc_bsp/microblaze_0/lib -mlittle-endian -mcpu=v10.0 -mxl-soft-mul -Wl,--no-relax -o "adc_bsp_xspi_low_level_example_1.elf"  ./src/xspi_low_level_example.o   -Wl,--start-group,-lxil,-lgcc,-lc,--end-group
'Finished building target: adc_bsp_xspi_low_level_example_1.elf'
' '
'Invoking: MicroBlaze Print Size'
mb-size adc_bsp_xspi_low_level_example_1.elf  |tee "adc_bsp_xspi_low_level_example_1.elf.size"
   text	   data	    bss	    dec	    hex	filename
  92852	   1596	   3280	  97728	  17dc0	adc_bsp_xspi_low_level_example_1.elf
'Finished building: adc_bsp_xspi_low_level_example_1.elf.size'
' '

15:53:22 Build Finished (took 461ms)

