11:38:55 **** Clean-only build of configuration Debug for project adc ****
make clean 
rm -rf  ./src/adc_main.o ./src/xgpio_tapp_example.o ./src/xspi_selftest_example.o  ./src/adc_main.d ./src/xgpio_tapp_example.d ./src/xspi_selftest_example.d  adc.elf.size  adc.elf
' '
11:38:55 **** Incremental Build of configuration Debug for project adc ****
make all 
'Building file: ../src/adc_main.c'
'Invoking: MicroBlaze gcc compiler'
mb-gcc -Wall -O0 -g3 -c -fmessage-length=0 -MT"src/adc_main.o" -I../../adc_bsp/microblaze_0/include -mlittle-endian -mcpu=v10.0 -mxl-soft-mul -Wl,--no-relax -MMD -MP -MF"src/adc_main.d" -MT"src/adc_main.o" -o "src/adc_main.o" "../src/adc_main.c"
'Finished building: ../src/adc_main.c'
' '
'Building file: ../src/xgpio_tapp_example.c'
'Invoking: MicroBlaze gcc compiler'
mb-gcc -Wall -O0 -g3 -c -fmessage-length=0 -MT"src/xgpio_tapp_example.o" -I../../adc_bsp/microblaze_0/include -mlittle-endian -mcpu=v10.0 -mxl-soft-mul -Wl,--no-relax -MMD -MP -MF"src/xgpio_tapp_example.d" -MT"src/xgpio_tapp_example.o" -o "src/xgpio_tapp_example.o" "../src/xgpio_tapp_example.c"
'Finished building: ../src/xgpio_tapp_example.c'
' '
'Building file: ../src/xspi_selftest_example.c'
'Invoking: MicroBlaze gcc compiler'
mb-gcc -Wall -O0 -g3 -c -fmessage-length=0 -MT"src/xspi_selftest_example.o" -I../../adc_bsp/microblaze_0/include -mlittle-endian -mcpu=v10.0 -mxl-soft-mul -Wl,--no-relax -MMD -MP -MF"src/xspi_selftest_example.d" -MT"src/xspi_selftest_example.o" -o "src/xspi_selftest_example.o" "../src/xspi_selftest_example.c"
'Finished building: ../src/xspi_selftest_example.c'
' '
'Building target: adc.elf'
'Invoking: MicroBlaze gcc linker'
mb-gcc -Wl,-T -Wl,../src/lscript.ld -L../../adc_bsp/microblaze_0/lib -mlittle-endian -mcpu=v10.0 -mxl-soft-mul -Wl,--no-relax -o "adc.elf"  ./src/adc_main.o ./src/xgpio_tapp_example.o ./src/xspi_selftest_example.o   -Wl,--start-group,-lxil,-lgcc,-lc,--end-group
'Finished building target: adc.elf'
' '
'Invoking: MicroBlaze Print Size'
mb-size adc.elf  |tee "adc.elf.size"
   text	   data	    bss	    dec	    hex	filename
 106528	   1716	   3548	 111792	  1b4b0	adc.elf
'Finished building: adc.elf.size'
' '
11:39:02 **** Clean-only build of configuration Debug for project adc ****
make clean 
rm -rf  ./src/adc_main.o ./src/xgpio_tapp_example.o ./src/xspi_selftest_example.o  ./src/adc_main.d ./src/xgpio_tapp_example.d ./src/xspi_selftest_example.d  adc.elf.size  adc.elf
' '
11:39:02 **** Clean-only build of configuration Debug for project adc_bsp_xspi_low_level_example_1 ****
make clean 
rm -rf  ./src/xspi_low_level_example.o  ./src/xspi_low_level_example.d  adc_bsp_xspi_low_level_example_1.elf.size  adc_bsp_xspi_low_level_example_1.elf
' '
11:39:02 **** Clean-only build of configuration Debug for project adc_bsp_xspi_polled_example_1 ****
make clean 
rm -rf  ./src/xspi_polled_example.o  ./src/xspi_polled_example.d  adc_bsp_xspi_polled_example_1.elf.size  adc_bsp_xspi_polled_example_1.elf
' '
11:39:02 **** Clean-only build of project adc_bsp ****
11:39:02 **** Clean-only build of project testboot_bsp ****
make -k clean 
make -k clean 
rm -f microblaze_0/lib/libxil.a
rm -f microblaze_0/lib/libxil.a
11:39:02 **** Build of project adc_bsp ****
make -k all 
"Running Make include in microblaze_0/libsrc/bram_v4_1/src"
make -C microblaze_0/libsrc/bram_v4_1/src -s include  "SHELL=CMD" "COMPILER=mb-gcc" "ARCHIVER=mb-ar" "COMPILER_FLAGS= -O2 -c -mcpu=v10.0 -mlittle-endian -mxl-soft-mul" "EXTRA_COMPILER_FLAGS=-g"
"Running Make include in microblaze_0/libsrc/cpu_v2_5/src"
make -C microblaze_0/libsrc/cpu_v2_5/src -s include  "SHELL=CMD" "COMPILER=mb-gcc" "ARCHIVER=mb-ar" "COMPILER_FLAGS= -O2 -c -mcpu=v10.0 -mlittle-endian -mxl-soft-mul" "EXTRA_COMPILER_FLAGS=-g"
"Running Make include in microblaze_0/libsrc/gpio_v4_2/src"
make -C microblaze_0/libsrc/gpio_v4_2/src -s include  "SHELL=CMD" "COMPILER=mb-gcc" "ARCHIVER=mb-ar" "COMPILER_FLAGS= -O2 -c -mcpu=v10.0 -mlittle-endian -mxl-soft-mul" "EXTRA_COMPILER_FLAGS=-g"
"Running Make include in microblaze_0/libsrc/spi_v4_2/src"
make -C microblaze_0/libsrc/spi_v4_2/src -s include  "SHELL=CMD" "COMPILER=mb-gcc" "ARCHIVER=mb-ar" "COMPILER_FLAGS= -O2 -c -mcpu=v10.0 -mlittle-endian -mxl-soft-mul" "EXTRA_COMPILER_FLAGS=-g"
"Running Make include in microblaze_0/libsrc/standalone_v6_0/src"
make -C microblaze_0/libsrc/standalone_v6_0/src -s include  "SHELL=CMD" "COMPILER=mb-gcc" "ARCHIVER=mb-ar" "COMPILER_FLAGS= -O2 -c -mcpu=v10.0 -mlittle-endian -mxl-soft-mul" "EXTRA_COMPILER_FLAGS=-g"
"Running Make include in microblaze_0/libsrc/uartlite_v3_2/src"
make -C microblaze_0/libsrc/uartlite_v3_2/src -s include  "SHELL=CMD" "COMPILER=mb-gcc" "ARCHIVER=mb-ar" "COMPILER_FLAGS= -O2 -c -mcpu=v10.0 -mlittle-endian -mxl-soft-mul" "EXTRA_COMPILER_FLAGS=-g"
"Running Make include in microblaze_0/libsrc/xilisf_v5_7/src"
make -C microblaze_0/libsrc/xilisf_v5_7/src -s include  "SHELL=CMD" "COMPILER=mb-gcc" "ARCHIVER=mb-ar" "COMPILER_FLAGS= -O2 -c -mcpu=v10.0 -mlittle-endian -mxl-soft-mul" "EXTRA_COMPILER_FLAGS=-g"
"Running Make libs in microblaze_0/libsrc/bram_v4_1/src"
make -C microblaze_0/libsrc/bram_v4_1/src -s libs  "SHELL=CMD" "COMPILER=mb-gcc" "ARCHIVER=mb-ar" "COMPILER_FLAGS= -O2 -c -mcpu=v10.0 -mlittle-endian -mxl-soft-mul" "EXTRA_COMPILER_FLAGS=-g"
"Compiling bram"
mb-ar: creating ../../../lib/libxil.a
"Running Make libs in microblaze_0/libsrc/cpu_v2_5/src"
make -C microblaze_0/libsrc/cpu_v2_5/src -s libs  "SHELL=CMD" "COMPILER=mb-gcc" "ARCHIVER=mb-ar" "COMPILER_FLAGS= -O2 -c -mcpu=v10.0 -mlittle-endian -mxl-soft-mul" "EXTRA_COMPILER_FLAGS=-g"
"Compiling cpu"
"Running Make libs in microblaze_0/libsrc/gpio_v4_2/src"
make -C microblaze_0/libsrc/gpio_v4_2/src -s libs  "SHELL=CMD" "COMPILER=mb-gcc" "ARCHIVER=mb-ar" "COMPILER_FLAGS= -O2 -c -mcpu=v10.0 -mlittle-endian -mxl-soft-mul" "EXTRA_COMPILER_FLAGS=-g"
"Compiling gpio"
"Running Make libs in microblaze_0/libsrc/spi_v4_2/src"
make -C microblaze_0/libsrc/spi_v4_2/src -s libs  "SHELL=CMD" "COMPILER=mb-gcc" "ARCHIVER=mb-ar" "COMPILER_FLAGS= -O2 -c -mcpu=v10.0 -mlittle-endian -mxl-soft-mul" "EXTRA_COMPILER_FLAGS=-g"
"Compiling spi"
"Running Make libs in microblaze_0/libsrc/standalone_v6_0/src"
make -C microblaze_0/libsrc/standalone_v6_0/src -s libs  "SHELL=CMD" "COMPILER=mb-gcc" "ARCHIVER=mb-ar" "COMPILER_FLAGS= -O2 -c -mcpu=v10.0 -mlittle-endian -mxl-soft-mul" "EXTRA_COMPILER_FLAGS=-g"
"Compiling standalone";
"Running Make libs in microblaze_0/libsrc/uartlite_v3_2/src"
make -C microblaze_0/libsrc/uartlite_v3_2/src -s libs  "SHELL=CMD" "COMPILER=mb-gcc" "ARCHIVER=mb-ar" "COMPILER_FLAGS= -O2 -c -mcpu=v10.0 -mlittle-endian -mxl-soft-mul" "EXTRA_COMPILER_FLAGS=-g"
"Compiling uartlite"
"Running Make libs in microblaze_0/libsrc/xilisf_v5_7/src"
make -C microblaze_0/libsrc/xilisf_v5_7/src -s libs  "SHELL=CMD" "COMPILER=mb-gcc" "ARCHIVER=mb-ar" "COMPILER_FLAGS= -O2 -c -mcpu=v10.0 -mlittle-endian -mxl-soft-mul" "EXTRA_COMPILER_FLAGS=-g"
"Compiling XilIsf Library"
'Finished building libraries'
11:39:05 **** Build of configuration Debug for project adc ****
make all 
'Building file: ../src/adc_main.c'
'Invoking: MicroBlaze gcc compiler'
mb-gcc -Wall -O0 -g3 -c -fmessage-length=0 -MT"src/adc_main.o" -I../../adc_bsp/microblaze_0/include -mlittle-endian -mcpu=v10.0 -mxl-soft-mul -Wl,--no-relax -MMD -MP -MF"src/adc_main.d" -MT"src/adc_main.o" -o "src/adc_main.o" "../src/adc_main.c"
'Finished building: ../src/adc_main.c'
' '
'Building file: ../src/xgpio_tapp_example.c'
'Invoking: MicroBlaze gcc compiler'
mb-gcc -Wall -O0 -g3 -c -fmessage-length=0 -MT"src/xgpio_tapp_example.o" -I../../adc_bsp/microblaze_0/include -mlittle-endian -mcpu=v10.0 -mxl-soft-mul -Wl,--no-relax -MMD -MP -MF"src/xgpio_tapp_example.d" -MT"src/xgpio_tapp_example.o" -o "src/xgpio_tapp_example.o" "../src/xgpio_tapp_example.c"
'Finished building: ../src/xgpio_tapp_example.c'
' '
'Building file: ../src/xspi_selftest_example.c'
'Invoking: MicroBlaze gcc compiler'
mb-gcc -Wall -O0 -g3 -c -fmessage-length=0 -MT"src/xspi_selftest_example.o" -I../../adc_bsp/microblaze_0/include -mlittle-endian -mcpu=v10.0 -mxl-soft-mul -Wl,--no-relax -MMD -MP -MF"src/xspi_selftest_example.d" -MT"src/xspi_selftest_example.o" -o "src/xspi_selftest_example.o" "../src/xspi_selftest_example.c"
'Finished building: ../src/xspi_selftest_example.c'
' '
'Building target: adc.elf'
'Invoking: MicroBlaze gcc linker'
mb-gcc -Wl,-T -Wl,../src/lscript.ld -L../../adc_bsp/microblaze_0/lib -mlittle-endian -mcpu=v10.0 -mxl-soft-mul -Wl,--no-relax -o "adc.elf"  ./src/adc_main.o ./src/xgpio_tapp_example.o ./src/xspi_selftest_example.o   -Wl,--start-group,-lxil,-lgcc,-lc,--end-group
'Finished building target: adc.elf'
' '
'Invoking: MicroBlaze Print Size'
mb-size adc.elf  |tee "adc.elf.size"
   text	   data	    bss	    dec	    hex	filename
 106528	   1716	   3548	 111792	  1b4b0	adc.elf
'Finished building: adc.elf.size'
' '
11:39:05 **** Build of configuration Debug for project adc_bsp_xspi_low_level_example_1 ****
make all 
'Building file: ../src/xspi_low_level_example.c'
'Invoking: MicroBlaze gcc compiler'
mb-gcc -Wall -O0 -g3 -c -fmessage-length=0 -MT"src/xspi_low_level_example.o" -I../../adc_bsp/microblaze_0/include -mlittle-endian -mcpu=v10.0 -mxl-soft-mul -Wl,--no-relax -MMD -MP -MF"src/xspi_low_level_example.d" -MT"src/xspi_low_level_example.o" -o "src/xspi_low_level_example.o" "../src/xspi_low_level_example.c"
'Finished building: ../src/xspi_low_level_example.c'
' '
'Building target: adc_bsp_xspi_low_level_example_1.elf'
'Invoking: MicroBlaze gcc linker'
mb-gcc -Wl,-T -Wl,../src/lscript.ld -L../../adc_bsp/microblaze_0/lib -mlittle-endian -mcpu=v10.0 -mxl-soft-mul -Wl,--no-relax -o "adc_bsp_xspi_low_level_example_1.elf"  ./src/xspi_low_level_example.o   -Wl,--start-group,-lxil,-lgcc,-lc,--end-group
'Finished building target: adc_bsp_xspi_low_level_example_1.elf'
' '
'Invoking: MicroBlaze Print Size'
mb-size adc_bsp_xspi_low_level_example_1.elf  |tee "adc_bsp_xspi_low_level_example_1.elf.size"
   text	   data	    bss	    dec	    hex	filename
  92852	   1596	   3280	  97728	  17dc0	adc_bsp_xspi_low_level_example_1.elf
'Finished building: adc_bsp_xspi_low_level_example_1.elf.size'
' '
11:39:06 **** Build of configuration Debug for project adc_bsp_xspi_polled_example_1 ****
make all 
'Building file: ../src/xspi_polled_example.c'
'Invoking: MicroBlaze gcc compiler'
mb-gcc -Wall -O0 -g3 -c -fmessage-length=0 -MT"src/xspi_polled_example.o" -I../../adc_bsp/microblaze_0/include -mlittle-endian -mcpu=v10.0 -mxl-soft-mul -Wl,--no-relax -MMD -MP -MF"src/xspi_polled_example.d" -MT"src/xspi_polled_example.o" -o "src/xspi_polled_example.o" "../src/xspi_polled_example.c"
'Finished building: ../src/xspi_polled_example.c'
' '
'Building target: adc_bsp_xspi_polled_example_1.elf'
'Invoking: MicroBlaze gcc linker'
mb-gcc -Wl,-T -Wl,../src/lscript.ld -L../../adc_bsp/microblaze_0/lib -mlittle-endian -mcpu=v10.0 -mxl-soft-mul -Wl,--no-relax -o "adc_bsp_xspi_polled_example_1.elf"  ./src/xspi_polled_example.o   -Wl,--start-group,-lxil,-lgcc,-lc,--end-group
'Finished building target: adc_bsp_xspi_polled_example_1.elf'
' '
'Invoking: MicroBlaze Print Size'
mb-size adc_bsp_xspi_polled_example_1.elf  |tee "adc_bsp_xspi_polled_example_1.elf.size"
   text	   data	    bss	    dec	    hex	filename
   8352	    376	   3232	  11960	   2eb8	adc_bsp_xspi_polled_example_1.elf
'Finished building: adc_bsp_xspi_polled_example_1.elf.size'
' '
11:39:06 **** Build of project testboot_bsp ****
make -k all 
"Running Make include in microblaze_0/libsrc/bram_v4_1/src"
make -C microblaze_0/libsrc/bram_v4_1/src -s include  "SHELL=CMD" "COMPILER=mb-gcc" "ARCHIVER=mb-ar" "COMPILER_FLAGS= -O2 -c -mcpu=v10.0 -mlittle-endian -mxl-soft-mul" "EXTRA_COMPILER_FLAGS=-g"
"Running Make include in microblaze_0/libsrc/cpu_v2_5/src"
make -C microblaze_0/libsrc/cpu_v2_5/src -s include  "SHELL=CMD" "COMPILER=mb-gcc" "ARCHIVER=mb-ar" "COMPILER_FLAGS= -O2 -c -mcpu=v10.0 -mlittle-endian -mxl-soft-mul" "EXTRA_COMPILER_FLAGS=-g"
"Running Make include in microblaze_0/libsrc/gpio_v4_2/src"
make -C microblaze_0/libsrc/gpio_v4_2/src -s include  "SHELL=CMD" "COMPILER=mb-gcc" "ARCHIVER=mb-ar" "COMPILER_FLAGS= -O2 -c -mcpu=v10.0 -mlittle-endian -mxl-soft-mul" "EXTRA_COMPILER_FLAGS=-g"
"Running Make include in microblaze_0/libsrc/spi_v4_2/src"
make -C microblaze_0/libsrc/spi_v4_2/src -s include  "SHELL=CMD" "COMPILER=mb-gcc" "ARCHIVER=mb-ar" "COMPILER_FLAGS= -O2 -c -mcpu=v10.0 -mlittle-endian -mxl-soft-mul" "EXTRA_COMPILER_FLAGS=-g"
"Running Make include in microblaze_0/libsrc/standalone_v6_0/src"
make -C microblaze_0/libsrc/standalone_v6_0/src -s include  "SHELL=CMD" "COMPILER=mb-gcc" "ARCHIVER=mb-ar" "COMPILER_FLAGS= -O2 -c -mcpu=v10.0 -mlittle-endian -mxl-soft-mul" "EXTRA_COMPILER_FLAGS=-g"
"Running Make include in microblaze_0/libsrc/uartlite_v3_2/src"
make -C microblaze_0/libsrc/uartlite_v3_2/src -s include  "SHELL=CMD" "COMPILER=mb-gcc" "ARCHIVER=mb-ar" "COMPILER_FLAGS= -O2 -c -mcpu=v10.0 -mlittle-endian -mxl-soft-mul" "EXTRA_COMPILER_FLAGS=-g"
"Running Make include in microblaze_0/libsrc/xilisf_v5_7/src"
make -C microblaze_0/libsrc/xilisf_v5_7/src -s include  "SHELL=CMD" "COMPILER=mb-gcc" "ARCHIVER=mb-ar" "COMPILER_FLAGS= -O2 -c -mcpu=v10.0 -mlittle-endian -mxl-soft-mul" "EXTRA_COMPILER_FLAGS=-g"
"Running Make libs in microblaze_0/libsrc/bram_v4_1/src"
make -C microblaze_0/libsrc/bram_v4_1/src -s libs  "SHELL=CMD" "COMPILER=mb-gcc" "ARCHIVER=mb-ar" "COMPILER_FLAGS= -O2 -c -mcpu=v10.0 -mlittle-endian -mxl-soft-mul" "EXTRA_COMPILER_FLAGS=-g"
"Compiling bram"
mb-ar: creating ../../../lib/libxil.a
"Running Make libs in microblaze_0/libsrc/cpu_v2_5/src"
make -C microblaze_0/libsrc/cpu_v2_5/src -s libs  "SHELL=CMD" "COMPILER=mb-gcc" "ARCHIVER=mb-ar" "COMPILER_FLAGS= -O2 -c -mcpu=v10.0 -mlittle-endian -mxl-soft-mul" "EXTRA_COMPILER_FLAGS=-g"
"Compiling cpu"
"Running Make libs in microblaze_0/libsrc/gpio_v4_2/src"
make -C microblaze_0/libsrc/gpio_v4_2/src -s libs  "SHELL=CMD" "COMPILER=mb-gcc" "ARCHIVER=mb-ar" "COMPILER_FLAGS= -O2 -c -mcpu=v10.0 -mlittle-endian -mxl-soft-mul" "EXTRA_COMPILER_FLAGS=-g"
"Compiling gpio"
"Running Make libs in microblaze_0/libsrc/spi_v4_2/src"
make -C microblaze_0/libsrc/spi_v4_2/src -s libs  "SHELL=CMD" "COMPILER=mb-gcc" "ARCHIVER=mb-ar" "COMPILER_FLAGS= -O2 -c -mcpu=v10.0 -mlittle-endian -mxl-soft-mul" "EXTRA_COMPILER_FLAGS=-g"
"Compiling spi"
"Running Make libs in microblaze_0/libsrc/standalone_v6_0/src"
make -C microblaze_0/libsrc/standalone_v6_0/src -s libs  "SHELL=CMD" "COMPILER=mb-gcc" "ARCHIVER=mb-ar" "COMPILER_FLAGS= -O2 -c -mcpu=v10.0 -mlittle-endian -mxl-soft-mul" "EXTRA_COMPILER_FLAGS=-g"
"Compiling standalone";
"Running Make libs in microblaze_0/libsrc/uartlite_v3_2/src"
make -C microblaze_0/libsrc/uartlite_v3_2/src -s libs  "SHELL=CMD" "COMPILER=mb-gcc" "ARCHIVER=mb-ar" "COMPILER_FLAGS= -O2 -c -mcpu=v10.0 -mlittle-endian -mxl-soft-mul" "EXTRA_COMPILER_FLAGS=-g"
"Compiling uartlite"
"Running Make libs in microblaze_0/libsrc/xilisf_v5_7/src"
make -C microblaze_0/libsrc/xilisf_v5_7/src -s libs  "SHELL=CMD" "COMPILER=mb-gcc" "ARCHIVER=mb-ar" "COMPILER_FLAGS= -O2 -c -mcpu=v10.0 -mlittle-endian -mxl-soft-mul" "EXTRA_COMPILER_FLAGS=-g"
"Compiling XilIsf Library"
'Finished building libraries'
11:39:18 **** Incremental Build of configuration Debug for project adc ****
make all 
make: .`all רובע תושעל המ ןיא
11:40:20 **** Auto Build of project testboot_bsp ****
make -k all 
"Running Make include in microblaze_0/libsrc/bram_v4_1/src"
make -C microblaze_0/libsrc/bram_v4_1/src -s include  "SHELL=CMD" "COMPILER=mb-gcc" "ARCHIVER=mb-ar" "COMPILER_FLAGS= -O2 -c -mcpu=v10.0 -mlittle-endian -mxl-soft-mul" "EXTRA_COMPILER_FLAGS=-g"
"Running Make include in microblaze_0/libsrc/cpu_v2_5/src"
make -C microblaze_0/libsrc/cpu_v2_5/src -s include  "SHELL=CMD" "COMPILER=mb-gcc" "ARCHIVER=mb-ar" "COMPILER_FLAGS= -O2 -c -mcpu=v10.0 -mlittle-endian -mxl-soft-mul" "EXTRA_COMPILER_FLAGS=-g"
"Running Make include in microblaze_0/libsrc/gpio_v4_2/src"
make -C microblaze_0/libsrc/gpio_v4_2/src -s include  "SHELL=CMD" "COMPILER=mb-gcc" "ARCHIVER=mb-ar" "COMPILER_FLAGS= -O2 -c -mcpu=v10.0 -mlittle-endian -mxl-soft-mul" "EXTRA_COMPILER_FLAGS=-g"
"Running Make include in microblaze_0/libsrc/spi_v4_2/src"
make -C microblaze_0/libsrc/spi_v4_2/src -s include  "SHELL=CMD" "COMPILER=mb-gcc" "ARCHIVER=mb-ar" "COMPILER_FLAGS= -O2 -c -mcpu=v10.0 -mlittle-endian -mxl-soft-mul" "EXTRA_COMPILER_FLAGS=-g"
"Running Make include in microblaze_0/libsrc/standalone_v6_0/src"
make -C microblaze_0/libsrc/standalone_v6_0/src -s include  "SHELL=CMD" "COMPILER=mb-gcc" "ARCHIVER=mb-ar" "COMPILER_FLAGS= -O2 -c -mcpu=v10.0 -mlittle-endian -mxl-soft-mul" "EXTRA_COMPILER_FLAGS=-g"
"Running Make include in microblaze_0/libsrc/uartlite_v3_2/src"
make -C microblaze_0/libsrc/uartlite_v3_2/src -s include  "SHELL=CMD" "COMPILER=mb-gcc" "ARCHIVER=mb-ar" "COMPILER_FLAGS= -O2 -c -mcpu=v10.0 -mlittle-endian -mxl-soft-mul" "EXTRA_COMPILER_FLAGS=-g"
"Running Make include in microblaze_0/libsrc/xilisf_v5_7/src"
make -C microblaze_0/libsrc/xilisf_v5_7/src -s include  "SHELL=CMD" "COMPILER=mb-gcc" "ARCHIVER=mb-ar" "COMPILER_FLAGS= -O2 -c -mcpu=v10.0 -mlittle-endian -mxl-soft-mul" "EXTRA_COMPILER_FLAGS=-g"
"Running Make libs in microblaze_0/libsrc/bram_v4_1/src"
make -C microblaze_0/libsrc/bram_v4_1/src -s libs  "SHELL=CMD" "COMPILER=mb-gcc" "ARCHIVER=mb-ar" "COMPILER_FLAGS= -O2 -c -mcpu=v10.0 -mlittle-endian -mxl-soft-mul" "EXTRA_COMPILER_FLAGS=-g"
"Compiling bram"
mb-ar: creating ../../../lib/libxil.a
"Running Make libs in microblaze_0/libsrc/cpu_v2_5/src"
make -C microblaze_0/libsrc/cpu_v2_5/src -s libs  "SHELL=CMD" "COMPILER=mb-gcc" "ARCHIVER=mb-ar" "COMPILER_FLAGS= -O2 -c -mcpu=v10.0 -mlittle-endian -mxl-soft-mul" "EXTRA_COMPILER_FLAGS=-g"
"Compiling cpu"
"Running Make libs in microblaze_0/libsrc/gpio_v4_2/src"
make -C microblaze_0/libsrc/gpio_v4_2/src -s libs  "SHELL=CMD" "COMPILER=mb-gcc" "ARCHIVER=mb-ar" "COMPILER_FLAGS= -O2 -c -mcpu=v10.0 -mlittle-endian -mxl-soft-mul" "EXTRA_COMPILER_FLAGS=-g"
"Compiling gpio"
"Running Make libs in microblaze_0/libsrc/spi_v4_2/src"
make -C microblaze_0/libsrc/spi_v4_2/src -s libs  "SHELL=CMD" "COMPILER=mb-gcc" "ARCHIVER=mb-ar" "COMPILER_FLAGS= -O2 -c -mcpu=v10.0 -mlittle-endian -mxl-soft-mul" "EXTRA_COMPILER_FLAGS=-g"
"Compiling spi"
"Running Make libs in microblaze_0/libsrc/standalone_v6_0/src"
make -C microblaze_0/libsrc/standalone_v6_0/src -s libs  "SHELL=CMD" "COMPILER=mb-gcc" "ARCHIVER=mb-ar" "COMPILER_FLAGS= -O2 -c -mcpu=v10.0 -mlittle-endian -mxl-soft-mul" "EXTRA_COMPILER_FLAGS=-g"
"Compiling standalone";
"Running Make libs in microblaze_0/libsrc/uartlite_v3_2/src"
make -C microblaze_0/libsrc/uartlite_v3_2/src -s libs  "SHELL=CMD" "COMPILER=mb-gcc" "ARCHIVER=mb-ar" "COMPILER_FLAGS= -O2 -c -mcpu=v10.0 -mlittle-endian -mxl-soft-mul" "EXTRA_COMPILER_FLAGS=-g"
"Compiling uartlite"
"Running Make libs in microblaze_0/libsrc/xilisf_v5_7/src"
make -C microblaze_0/libsrc/xilisf_v5_7/src -s libs  "SHELL=CMD" "COMPILER=mb-gcc" "ARCHIVER=mb-ar" "COMPILER_FLAGS= -O2 -c -mcpu=v10.0 -mlittle-endian -mxl-soft-mul" "EXTRA_COMPILER_FLAGS=-g"
"Compiling XilIsf Library"
xilisf.c: In function 'XIsf_RegisterInterface':
xilisf.c:1342:37: warning: assignment from incompatible pointer type [-Wincompatible-pointer-types]
  InstancePtr->XIsf_Iface_SetOptions = XSpi_SetOptions;
                                     ^
xilisf.c:1343:41: warning: assignment from incompatible pointer type [-Wincompatible-pointer-types]
  InstancePtr->XIsf_Iface_SetSlaveSelect = XSpi_SetSlaveSelect;
                                         ^
xilisf.c:1344:35: warning: assignment from incompatible pointer type [-Wincompatible-pointer-types]
  InstancePtr->XIsf_Iface_Transfer = XSpi_Transfer;
                                   ^
'Finished building libraries'
13:17:13 **** Incremental Build of configuration Debug for project adc ****
make all 
make: .`all רובע תושעל המ ןיא
13:17:38 **** Incremental Build of configuration Debug for project adc ****
make all 
make: .`all רובע תושעל המ ןיא
13:19:46 **** Build of configuration Debug for project bootloader ****
make all 
'Building file: ../src/bootloader.c'
'Invoking: MicroBlaze gcc compiler'
mb-gcc -Wall -O0 -g3 -c -fmessage-length=0 -MT"src/bootloader.o" -I../../adc_bsp/microblaze_0/include -mlittle-endian -mcpu=v10.0 -mxl-soft-mul -Wl,--no-relax -MMD -MP -MF"src/bootloader.d" -MT"src/bootloader.o" -o "src/bootloader.o" "../src/bootloader.c"
In file included from ../src/bootloader.c:37:0:
../src/blconfig.h:32:2: warning: #warning "Please provide the correct address value for the definition FLASH_IMAGE_BASEADDR. Please give the flash offset @ which SREC application is programmed" [-Wcpp]
 #warning "Please provide the correct address value for the definition FLASH_IMAGE_BASEADDR. Please give the flash offset @ which SREC application is programmed"
  ^
../src/bootloader.c:56:2: warning: #warning "Set your Device ID here, as defined in xparameters.h" [-Wcpp]
 #warning "Set your Device ID here, as defined in xparameters.h"
  ^
../src/bootloader.c:135:5: warning: pointer targets in initialization differ in signedness [-Wpointer-sign]
     "",
     ^
../src/bootloader.c:135:5: note: (near initialization for 'errors[0]')
../src/bootloader.c:136:5: warning: pointer targets in initialization differ in signedness [-Wpointer-sign]
     "Error while copying executable image into RAM",
     ^
../src/bootloader.c:136:5: note: (near initialization for 'errors[1]')
../src/bootloader.c:137:5: warning: pointer targets in initialization differ in signedness [-Wpointer-sign]
     "Error while reading an SREC line from flash",
     ^
../src/bootloader.c:137:5: note: (near initialization for 'errors[2]')
../src/bootloader.c:138:5: warning: pointer targets in initialization differ in signedness [-Wpointer-sign]
     "SREC line is corrupted",
     ^
../src/bootloader.c:138:5: note: (near initialization for 'errors[3]')
../src/bootloader.c:139:5: warning: pointer targets in initialization differ in signedness [-Wpointer-sign]
     "SREC has invalid checksum."
     ^
../src/bootloader.c:139:5: note: (near initialization for 'errors[4]')
../src/bootloader.c: In function 'main':
../src/bootloader.c:202:16: warning: pointer targets in passing argument 1 of 'print' differ in signedness [-Wpointer-sign]
         print (errors[ret]);    
                ^
In file included from d:\sdk\2016.3\gnu\microblaze\nt\microblaze-xilinx-elf\include\stdio.h:29:0,
                 from ../src/bootloader.c:34:
d:\sdk\2016.3\gnu\microblaze\nt\microblaze-xilinx-elf\include\stdio.h:223:9: note: expected 'const char *' but argument is of type 'int8_t * {aka signed char *}'
 void    _EXFUN(print, (const char* ));
         ^
../src/bootloader.c:205:16: warning: pointer targets in passing argument 1 of 'print' differ in signedness [-Wpointer-sign]
         print (errors[ret]);
                ^
In file included from d:\sdk\2016.3\gnu\microblaze\nt\microblaze-xilinx-elf\include\stdio.h:29:0,
                 from ../src/bootloader.c:34:
d:\sdk\2016.3\gnu\microblaze\nt\microblaze-xilinx-elf\include\stdio.h:223:9: note: expected 'const char *' but argument is of type 'int8_t * {aka signed char *}'
 void    _EXFUN(print, (const char* ));
         ^
../src/bootloader.c: In function 'flash_get_srec_line':
../src/bootloader.c:289:24: warning: assignment makes integer from pointer without a cast [-Wint-conversion]
      ReadParam.Address = flbuf++;
                        ^
../src/bootloader.c:309:13: warning: implicit declaration of function 'IsfWaitForFlashNotBusy' [-Wimplicit-function-declaration]
    Status = IsfWaitForFlashNotBusy();
             ^
../src/bootloader.c:334:28: warning: assignment makes integer from pointer without a cast [-Wint-conversion]
          ReadParam.Address = flbuf++;
                            ^
'Finished building: ../src/bootloader.c'
' '
'Building file: ../src/platform.c'
'Invoking: MicroBlaze gcc compiler'
mb-gcc -Wall -O0 -g3 -c -fmessage-length=0 -MT"src/platform.o" -I../../adc_bsp/microblaze_0/include -mlittle-endian -mcpu=v10.0 -mxl-soft-mul -Wl,--no-relax -MMD -MP -MF"src/platform.d" -MT"src/platform.o" -o "src/platform.o" "../src/platform.c"
'Finished building: ../src/platform.c'
' '
'Building file: ../src/srec.c'
'Invoking: MicroBlaze gcc compiler'
mb-gcc -Wall -O0 -g3 -c -fmessage-length=0 -MT"src/srec.o" -I../../adc_bsp/microblaze_0/include -mlittle-endian -mcpu=v10.0 -mxl-soft-mul -Wl,--no-relax -MMD -MP -MF"src/srec.d" -MT"src/srec.o" -o "src/srec.o" "../src/srec.c"
'Finished building: ../src/srec.c'
' '
'Building target: bootloader.elf'
'Invoking: MicroBlaze gcc linker'
mb-gcc -Wl,-T -Wl,../src/lscript.ld -L../../adc_bsp/microblaze_0/lib -mlittle-endian -mcpu=v10.0 -mxl-soft-mul -Wl,--no-relax -o "bootloader.elf"  ./src/bootloader.o ./src/platform.o ./src/srec.o   -Wl,--start-group,-lxil,-lgcc,-lc,--end-group -Wl,--start-group,-lxilisf,-lxil,-lgcc,-lc,--end-group
d:/sdk/2016.3/gnu/microblaze/nt/bin/../lib/gcc/microblaze-xilinx-elf/5.2.0/../../../../microblaze-xilinx-elf/bin/ld.exe: bootloader.elf section `.text' will not fit in region `microblaze_0_local_memory_ilmb_bram_if_cntlr_Mem_microblaze_0_local_memory_dlmb_bram_if_cntlr_Mem'
d:/sdk/2016.3/gnu/microblaze/nt/bin/../lib/gcc/microblaze-xilinx-elf/5.2.0/../../../../microblaze-xilinx-elf/bin/ld.exe: region `microblaze_0_local_memory_ilmb_bram_if_cntlr_Mem_microblaze_0_local_memory_dlmb_bram_if_cntlr_Mem' overflowed by 4352 bytes
collect2.exe: error: ld returned 1 exit status
make: *** [bootloader.elf] 1 הלקת
13:27:58 **** Incremental Build of configuration Debug for project adc ****
make all 
'Building file: ../src/adc_main.c'
'Invoking: MicroBlaze gcc compiler'
mb-gcc -Wall -O0 -g3 -c -fmessage-length=0 -MT"src/adc_main.o" -I../../adc_bsp/microblaze_0/include -mlittle-endian -mcpu=v10.0 -mxl-soft-mul -Wl,--no-relax -MMD -MP -MF"src/adc_main.d" -MT"src/adc_main.o" -o "src/adc_main.o" "../src/adc_main.c"
../src/adc_main.c:3:23: fatal error: xil_cache.h: No such file or directory
compilation terminated.
make: *** [src/adc_main.o] 1 הלקת
13:28:09 **** Clean-only build of configuration Debug for project adc ****
make clean 
rm -rf  ./src/adc_main.o ./src/xgpio_tapp_example.o ./src/xspi_selftest_example.o  ./src/adc_main.d ./src/xgpio_tapp_example.d ./src/xspi_selftest_example.d  adc.elf.size  adc.elf
' '
13:28:09 **** Clean-only build of configuration Debug for project adc_bsp_xspi_low_level_example_1 ****
make clean 
rm -rf  ./src/xspi_low_level_example.o  ./src/xspi_low_level_example.d  adc_bsp_xspi_low_level_example_1.elf.size  adc_bsp_xspi_low_level_example_1.elf
' '
13:28:10 **** Clean-only build of configuration Debug for project adc_bsp_xspi_polled_example_1 ****
make clean 
rm -rf  ./src/xspi_polled_example.o  ./src/xspi_polled_example.d  adc_bsp_xspi_polled_example_1.elf.size  adc_bsp_xspi_polled_example_1.elf
' '
13:28:10 **** Clean-only build of configuration Debug for project bootloader ****
make clean 
rm -rf  ./src/bootloader.o ./src/platform.o ./src/srec.o  ./src/bootloader.d ./src/platform.d ./src/srec.d  bootloader.elf.size  bootloader.elf
' '
13:28:10 **** Clean-only build of project adc_bsp ****
13:28:10 **** Clean-only build of project testboot_bsp ****
make -k clean 
make -k clean 
rm -f microblaze_0/lib/libxil.a
rm -f microblaze_0/lib/libxil.a
13:28:10 **** Build of project adc_bsp ****
make -k all 
"Running Make include in microblaze_0/libsrc/bram_v4_1/src"
make -C microblaze_0/libsrc/bram_v4_1/src -s include  "SHELL=CMD" "COMPILER=mb-gcc" "ARCHIVER=mb-ar" "COMPILER_FLAGS= -O2 -c -mcpu=v10.0 -mlittle-endian -mxl-soft-mul" "EXTRA_COMPILER_FLAGS=-g"
"Running Make include in microblaze_0/libsrc/cpu_v2_5/src"
make -C microblaze_0/libsrc/cpu_v2_5/src -s include  "SHELL=CMD" "COMPILER=mb-gcc" "ARCHIVER=mb-ar" "COMPILER_FLAGS= -O2 -c -mcpu=v10.0 -mlittle-endian -mxl-soft-mul" "EXTRA_COMPILER_FLAGS=-g"
"Running Make include in microblaze_0/libsrc/gpio_v4_2/src"
make -C microblaze_0/libsrc/gpio_v4_2/src -s include  "SHELL=CMD" "COMPILER=mb-gcc" "ARCHIVER=mb-ar" "COMPILER_FLAGS= -O2 -c -mcpu=v10.0 -mlittle-endian -mxl-soft-mul" "EXTRA_COMPILER_FLAGS=-g"
"Running Make include in microblaze_0/libsrc/spi_v4_2/src"
make -C microblaze_0/libsrc/spi_v4_2/src -s include  "SHELL=CMD" "COMPILER=mb-gcc" "ARCHIVER=mb-ar" "COMPILER_FLAGS= -O2 -c -mcpu=v10.0 -mlittle-endian -mxl-soft-mul" "EXTRA_COMPILER_FLAGS=-g"
"Running Make include in microblaze_0/libsrc/standalone_v6_0/src"
make -C microblaze_0/libsrc/standalone_v6_0/src -s include  "SHELL=CMD" "COMPILER=mb-gcc" "ARCHIVER=mb-ar" "COMPILER_FLAGS= -O2 -c -mcpu=v10.0 -mlittle-endian -mxl-soft-mul" "EXTRA_COMPILER_FLAGS=-g"
"Running Make include in microblaze_0/libsrc/uartlite_v3_2/src"
make -C microblaze_0/libsrc/uartlite_v3_2/src -s include  "SHELL=CMD" "COMPILER=mb-gcc" "ARCHIVER=mb-ar" "COMPILER_FLAGS= -O2 -c -mcpu=v10.0 -mlittle-endian -mxl-soft-mul" "EXTRA_COMPILER_FLAGS=-g"
"Running Make include in microblaze_0/libsrc/xilisf_v5_7/src"
make -C microblaze_0/libsrc/xilisf_v5_7/src -s include  "SHELL=CMD" "COMPILER=mb-gcc" "ARCHIVER=mb-ar" "COMPILER_FLAGS= -O2 -c -mcpu=v10.0 -mlittle-endian -mxl-soft-mul" "EXTRA_COMPILER_FLAGS=-g"
"Running Make libs in microblaze_0/libsrc/bram_v4_1/src"
make -C microblaze_0/libsrc/bram_v4_1/src -s libs  "SHELL=CMD" "COMPILER=mb-gcc" "ARCHIVER=mb-ar" "COMPILER_FLAGS= -O2 -c -mcpu=v10.0 -mlittle-endian -mxl-soft-mul" "EXTRA_COMPILER_FLAGS=-g"
"Compiling bram"
mb-ar: creating ../../../lib/libxil.a
"Running Make libs in microblaze_0/libsrc/cpu_v2_5/src"
make -C microblaze_0/libsrc/cpu_v2_5/src -s libs  "SHELL=CMD" "COMPILER=mb-gcc" "ARCHIVER=mb-ar" "COMPILER_FLAGS= -O2 -c -mcpu=v10.0 -mlittle-endian -mxl-soft-mul" "EXTRA_COMPILER_FLAGS=-g"
"Compiling cpu"
"Running Make libs in microblaze_0/libsrc/gpio_v4_2/src"
make -C microblaze_0/libsrc/gpio_v4_2/src -s libs  "SHELL=CMD" "COMPILER=mb-gcc" "ARCHIVER=mb-ar" "COMPILER_FLAGS= -O2 -c -mcpu=v10.0 -mlittle-endian -mxl-soft-mul" "EXTRA_COMPILER_FLAGS=-g"
"Compiling gpio"
"Running Make libs in microblaze_0/libsrc/spi_v4_2/src"
make -C microblaze_0/libsrc/spi_v4_2/src -s libs  "SHELL=CMD" "COMPILER=mb-gcc" "ARCHIVER=mb-ar" "COMPILER_FLAGS= -O2 -c -mcpu=v10.0 -mlittle-endian -mxl-soft-mul" "EXTRA_COMPILER_FLAGS=-g"
"Compiling spi"
"Running Make libs in microblaze_0/libsrc/standalone_v6_0/src"
make -C microblaze_0/libsrc/standalone_v6_0/src -s libs  "SHELL=CMD" "COMPILER=mb-gcc" "ARCHIVER=mb-ar" "COMPILER_FLAGS= -O2 -c -mcpu=v10.0 -mlittle-endian -mxl-soft-mul" "EXTRA_COMPILER_FLAGS=-g"
"Compiling standalone";
"Running Make libs in microblaze_0/libsrc/uartlite_v3_2/src"
make -C microblaze_0/libsrc/uartlite_v3_2/src -s libs  "SHELL=CMD" "COMPILER=mb-gcc" "ARCHIVER=mb-ar" "COMPILER_FLAGS= -O2 -c -mcpu=v10.0 -mlittle-endian -mxl-soft-mul" "EXTRA_COMPILER_FLAGS=-g"
"Compiling uartlite"
"Running Make libs in microblaze_0/libsrc/xilisf_v5_7/src"
make -C microblaze_0/libsrc/xilisf_v5_7/src -s libs  "SHELL=CMD" "COMPILER=mb-gcc" "ARCHIVER=mb-ar" "COMPILER_FLAGS= -O2 -c -mcpu=v10.0 -mlittle-endian -mxl-soft-mul" "EXTRA_COMPILER_FLAGS=-g"
"Compiling XilIsf Library"
xilisf.c: In function 'XIsf_RegisterInterface':
xilisf.c:1342:37: warning: assignment from incompatible pointer type [-Wincompatible-pointer-types]
  InstancePtr->XIsf_Iface_SetOptions = XSpi_SetOptions;
                                     ^
xilisf.c:1343:41: warning: assignment from incompatible pointer type [-Wincompatible-pointer-types]
  InstancePtr->XIsf_Iface_SetSlaveSelect = XSpi_SetSlaveSelect;
                                         ^
xilisf.c:1344:35: warning: assignment from incompatible pointer type [-Wincompatible-pointer-types]
  InstancePtr->XIsf_Iface_Transfer = XSpi_Transfer;
                                   ^
'Finished building libraries'
13:28:14 **** Build of configuration Debug for project adc ****
make all 
'Building file: ../src/adc_main.c'
'Invoking: MicroBlaze gcc compiler'
mb-gcc -Wall -O0 -g3 -c -fmessage-length=0 -MT"src/adc_main.o" -I../../adc_bsp/microblaze_0/include -mlittle-endian -mcpu=v10.0 -mxl-soft-mul -Wl,--no-relax -MMD -MP -MF"src/adc_main.d" -MT"src/adc_main.o" -o "src/adc_main.o" "../src/adc_main.c"
'Finished building: ../src/adc_main.c'
' '
'Building file: ../src/xgpio_tapp_example.c'
'Invoking: MicroBlaze gcc compiler'
mb-gcc -Wall -O0 -g3 -c -fmessage-length=0 -MT"src/xgpio_tapp_example.o" -I../../adc_bsp/microblaze_0/include -mlittle-endian -mcpu=v10.0 -mxl-soft-mul -Wl,--no-relax -MMD -MP -MF"src/xgpio_tapp_example.d" -MT"src/xgpio_tapp_example.o" -o "src/xgpio_tapp_example.o" "../src/xgpio_tapp_example.c"
'Finished building: ../src/xgpio_tapp_example.c'
' '
'Building file: ../src/xspi_selftest_example.c'
'Invoking: MicroBlaze gcc compiler'
mb-gcc -Wall -O0 -g3 -c -fmessage-length=0 -MT"src/xspi_selftest_example.o" -I../../adc_bsp/microblaze_0/include -mlittle-endian -mcpu=v10.0 -mxl-soft-mul -Wl,--no-relax -MMD -MP -MF"src/xspi_selftest_example.d" -MT"src/xspi_selftest_example.o" -o "src/xspi_selftest_example.o" "../src/xspi_selftest_example.c"
'Finished building: ../src/xspi_selftest_example.c'
' '
'Building target: adc.elf'
'Invoking: MicroBlaze gcc linker'
mb-gcc -Wl,-T -Wl,../src/lscript.ld -L../../adc_bsp/microblaze_0/lib -mlittle-endian -mcpu=v10.0 -mxl-soft-mul -Wl,--no-relax -o "adc.elf"  ./src/adc_main.o ./src/xgpio_tapp_example.o ./src/xspi_selftest_example.o   -Wl,--start-group,-lxil,-lgcc,-lc,--end-group
'Finished building target: adc.elf'
' '
'Invoking: MicroBlaze Print Size'
mb-size adc.elf  |tee "adc.elf.size"
   text	   data	    bss	    dec	    hex	filename
 106528	   1716	   3548	 111792	  1b4b0	adc.elf
'Finished building: adc.elf.size'
' '
13:28:15 **** Build of configuration Debug for project adc_bsp_xspi_low_level_example_1 ****
make all 
'Building file: ../src/xspi_low_level_example.c'
'Invoking: MicroBlaze gcc compiler'
mb-gcc -Wall -O0 -g3 -c -fmessage-length=0 -MT"src/xspi_low_level_example.o" -I../../adc_bsp/microblaze_0/include -mlittle-endian -mcpu=v10.0 -mxl-soft-mul -Wl,--no-relax -MMD -MP -MF"src/xspi_low_level_example.d" -MT"src/xspi_low_level_example.o" -o "src/xspi_low_level_example.o" "../src/xspi_low_level_example.c"
'Finished building: ../src/xspi_low_level_example.c'
' '
'Building target: adc_bsp_xspi_low_level_example_1.elf'
'Invoking: MicroBlaze gcc linker'
mb-gcc -Wl,-T -Wl,../src/lscript.ld -L../../adc_bsp/microblaze_0/lib -mlittle-endian -mcpu=v10.0 -mxl-soft-mul -Wl,--no-relax -o "adc_bsp_xspi_low_level_example_1.elf"  ./src/xspi_low_level_example.o   -Wl,--start-group,-lxil,-lgcc,-lc,--end-group
'Finished building target: adc_bsp_xspi_low_level_example_1.elf'
' '
'Invoking: MicroBlaze Print Size'
mb-size adc_bsp_xspi_low_level_example_1.elf  |tee "adc_bsp_xspi_low_level_example_1.elf.size"
   text	   data	    bss	    dec	    hex	filename
  92852	   1596	   3280	  97728	  17dc0	adc_bsp_xspi_low_level_example_1.elf
'Finished building: adc_bsp_xspi_low_level_example_1.elf.size'
' '
13:28:15 **** Build of configuration Debug for project adc_bsp_xspi_polled_example_1 ****
make all 
'Building file: ../src/xspi_polled_example.c'
'Invoking: MicroBlaze gcc compiler'
mb-gcc -Wall -O0 -g3 -c -fmessage-length=0 -MT"src/xspi_polled_example.o" -I../../adc_bsp/microblaze_0/include -mlittle-endian -mcpu=v10.0 -mxl-soft-mul -Wl,--no-relax -MMD -MP -MF"src/xspi_polled_example.d" -MT"src/xspi_polled_example.o" -o "src/xspi_polled_example.o" "../src/xspi_polled_example.c"
'Finished building: ../src/xspi_polled_example.c'
' '
'Building target: adc_bsp_xspi_polled_example_1.elf'
'Invoking: MicroBlaze gcc linker'
mb-gcc -Wl,-T -Wl,../src/lscript.ld -L../../adc_bsp/microblaze_0/lib -mlittle-endian -mcpu=v10.0 -mxl-soft-mul -Wl,--no-relax -o "adc_bsp_xspi_polled_example_1.elf"  ./src/xspi_polled_example.o   -Wl,--start-group,-lxil,-lgcc,-lc,--end-group
'Finished building target: adc_bsp_xspi_polled_example_1.elf'
' '
'Invoking: MicroBlaze Print Size'
mb-size adc_bsp_xspi_polled_example_1.elf  |tee "adc_bsp_xspi_polled_example_1.elf.size"
   text	   data	    bss	    dec	    hex	filename
   8352	    376	   3232	  11960	   2eb8	adc_bsp_xspi_polled_example_1.elf
'Finished building: adc_bsp_xspi_polled_example_1.elf.size'
' '
13:28:16 **** Clean-only build of configuration Debug for project bootloader ****
make clean 
rm -rf  ./src/bootloader.o ./src/platform.o ./src/srec.o  ./src/bootloader.d ./src/platform.d ./src/srec.d  bootloader.elf.size  bootloader.elf
' '
13:28:16 **** Build of configuration Debug for project bootloader ****
make all 
'Building file: ../src/bootloader.c'
'Invoking: MicroBlaze gcc compiler'
mb-gcc -Wall -O0 -g3 -c -fmessage-length=0 -MT"src/bootloader.o" -I../../adc_bsp/microblaze_0/include -mlittle-endian -mcpu=v10.0 -mxl-soft-mul -Wl,--no-relax -MMD -MP -MF"src/bootloader.d" -MT"src/bootloader.o" -o "src/bootloader.o" "../src/bootloader.c"
In file included from ../src/bootloader.c:37:0:
../src/blconfig.h:32:2: warning: #warning "Please provide the correct address value for the definition FLASH_IMAGE_BASEADDR. Please give the flash offset @ which SREC application is programmed" [-Wcpp]
 #warning "Please provide the correct address value for the definition FLASH_IMAGE_BASEADDR. Please give the flash offset @ which SREC application is programmed"
  ^
../src/bootloader.c:56:2: warning: #warning "Set your Device ID here, as defined in xparameters.h" [-Wcpp]
 #warning "Set your Device ID here, as defined in xparameters.h"
  ^
../src/bootloader.c:135:5: warning: pointer targets in initialization differ in signedness [-Wpointer-sign]
     "",
     ^
../src/bootloader.c:135:5: note: (near initialization for 'errors[0]')
../src/bootloader.c:136:5: warning: pointer targets in initialization differ in signedness [-Wpointer-sign]
     "Error while copying executable image into RAM",
     ^
../src/bootloader.c:136:5: note: (near initialization for 'errors[1]')
../src/bootloader.c:137:5: warning: pointer targets in initialization differ in signedness [-Wpointer-sign]
     "Error while reading an SREC line from flash",
     ^
../src/bootloader.c:137:5: note: (near initialization for 'errors[2]')
../src/bootloader.c:138:5: warning: pointer targets in initialization differ in signedness [-Wpointer-sign]
     "SREC line is corrupted",
     ^
../src/bootloader.c:138:5: note: (near initialization for 'errors[3]')
../src/bootloader.c:139:5: warning: pointer targets in initialization differ in signedness [-Wpointer-sign]
     "SREC has invalid checksum."
     ^
../src/bootloader.c:139:5: note: (near initialization for 'errors[4]')
../src/bootloader.c: In function 'main':
../src/bootloader.c:202:16: warning: pointer targets in passing argument 1 of 'print' differ in signedness [-Wpointer-sign]
         print (errors[ret]);    
                ^
In file included from d:\sdk\2016.3\gnu\microblaze\nt\microblaze-xilinx-elf\include\stdio.h:29:0,
                 from ../src/bootloader.c:34:
d:\sdk\2016.3\gnu\microblaze\nt\microblaze-xilinx-elf\include\stdio.h:223:9: note: expected 'const char *' but argument is of type 'int8_t * {aka signed char *}'
 void    _EXFUN(print, (const char* ));
         ^
../src/bootloader.c:205:16: warning: pointer targets in passing argument 1 of 'print' differ in signedness [-Wpointer-sign]
         print (errors[ret]);
                ^
In file included from d:\sdk\2016.3\gnu\microblaze\nt\microblaze-xilinx-elf\include\stdio.h:29:0,
                 from ../src/bootloader.c:34:
d:\sdk\2016.3\gnu\microblaze\nt\microblaze-xilinx-elf\include\stdio.h:223:9: note: expected 'const char *' but argument is of type 'int8_t * {aka signed char *}'
 void    _EXFUN(print, (const char* ));
         ^
../src/bootloader.c: In function 'flash_get_srec_line':
../src/bootloader.c:289:24: warning: assignment makes integer from pointer without a cast [-Wint-conversion]
      ReadParam.Address = flbuf++;
                        ^
../src/bootloader.c:309:13: warning: implicit declaration of function 'IsfWaitForFlashNotBusy' [-Wimplicit-function-declaration]
    Status = IsfWaitForFlashNotBusy();
             ^
../src/bootloader.c:334:28: warning: assignment makes integer from pointer without a cast [-Wint-conversion]
          ReadParam.Address = flbuf++;
                            ^
'Finished building: ../src/bootloader.c'
' '
'Building file: ../src/platform.c'
'Invoking: MicroBlaze gcc compiler'
mb-gcc -Wall -O0 -g3 -c -fmessage-length=0 -MT"src/platform.o" -I../../adc_bsp/microblaze_0/include -mlittle-endian -mcpu=v10.0 -mxl-soft-mul -Wl,--no-relax -MMD -MP -MF"src/platform.d" -MT"src/platform.o" -o "src/platform.o" "../src/platform.c"
'Finished building: ../src/platform.c'
' '
'Building file: ../src/srec.c'
'Invoking: MicroBlaze gcc compiler'
mb-gcc -Wall -O0 -g3 -c -fmessage-length=0 -MT"src/srec.o" -I../../adc_bsp/microblaze_0/include -mlittle-endian -mcpu=v10.0 -mxl-soft-mul -Wl,--no-relax -MMD -MP -MF"src/srec.d" -MT"src/srec.o" -o "src/srec.o" "../src/srec.c"
'Finished building: ../src/srec.c'
' '
'Building target: bootloader.elf'
'Invoking: MicroBlaze gcc linker'
mb-gcc -Wl,-T -Wl,../src/lscript.ld -L../../adc_bsp/microblaze_0/lib -mlittle-endian -mcpu=v10.0 -mxl-soft-mul -Wl,--no-relax -o "bootloader.elf"  ./src/bootloader.o ./src/platform.o ./src/srec.o   -Wl,--start-group,-lxil,-lgcc,-lc,--end-group -Wl,--start-group,-lxilisf,-lxil,-lgcc,-lc,--end-group
d:/sdk/2016.3/gnu/microblaze/nt/bin/../lib/gcc/microblaze-xilinx-elf/5.2.0/../../../../microblaze-xilinx-elf/bin/ld.exe: bootloader.elf section `.text' will not fit in region `microblaze_0_local_memory_ilmb_bram_if_cntlr_Mem_microblaze_0_local_memory_dlmb_bram_if_cntlr_Mem'
d:/sdk/2016.3/gnu/microblaze/nt/bin/../lib/gcc/microblaze-xilinx-elf/5.2.0/../../../../microblaze-xilinx-elf/bin/ld.exe: region `microblaze_0_local_memory_ilmb_bram_if_cntlr_Mem_microblaze_0_local_memory_dlmb_bram_if_cntlr_Mem' overflowed by 4352 bytes
collect2.exe: error: ld returned 1 exit status
make: *** [bootloader.elf] 1 הלקת
13:28:16 **** Build of project testboot_bsp ****
make -k all 
"Running Make include in microblaze_0/libsrc/bram_v4_1/src"
make -C microblaze_0/libsrc/bram_v4_1/src -s include  "SHELL=CMD" "COMPILER=mb-gcc" "ARCHIVER=mb-ar" "COMPILER_FLAGS= -O2 -c -mcpu=v10.0 -mlittle-endian -mxl-soft-mul" "EXTRA_COMPILER_FLAGS=-g"
"Running Make include in microblaze_0/libsrc/cpu_v2_5/src"
make -C microblaze_0/libsrc/cpu_v2_5/src -s include  "SHELL=CMD" "COMPILER=mb-gcc" "ARCHIVER=mb-ar" "COMPILER_FLAGS= -O2 -c -mcpu=v10.0 -mlittle-endian -mxl-soft-mul" "EXTRA_COMPILER_FLAGS=-g"
"Running Make include in microblaze_0/libsrc/gpio_v4_2/src"
make -C microblaze_0/libsrc/gpio_v4_2/src -s include  "SHELL=CMD" "COMPILER=mb-gcc" "ARCHIVER=mb-ar" "COMPILER_FLAGS= -O2 -c -mcpu=v10.0 -mlittle-endian -mxl-soft-mul" "EXTRA_COMPILER_FLAGS=-g"
"Running Make include in microblaze_0/libsrc/spi_v4_2/src"
make -C microblaze_0/libsrc/spi_v4_2/src -s include  "SHELL=CMD" "COMPILER=mb-gcc" "ARCHIVER=mb-ar" "COMPILER_FLAGS= -O2 -c -mcpu=v10.0 -mlittle-endian -mxl-soft-mul" "EXTRA_COMPILER_FLAGS=-g"
"Running Make include in microblaze_0/libsrc/standalone_v6_0/src"
make -C microblaze_0/libsrc/standalone_v6_0/src -s include  "SHELL=CMD" "COMPILER=mb-gcc" "ARCHIVER=mb-ar" "COMPILER_FLAGS= -O2 -c -mcpu=v10.0 -mlittle-endian -mxl-soft-mul" "EXTRA_COMPILER_FLAGS=-g"
"Running Make include in microblaze_0/libsrc/uartlite_v3_2/src"
make -C microblaze_0/libsrc/uartlite_v3_2/src -s include  "SHELL=CMD" "COMPILER=mb-gcc" "ARCHIVER=mb-ar" "COMPILER_FLAGS= -O2 -c -mcpu=v10.0 -mlittle-endian -mxl-soft-mul" "EXTRA_COMPILER_FLAGS=-g"
"Running Make include in microblaze_0/libsrc/xilisf_v5_7/src"
make -C microblaze_0/libsrc/xilisf_v5_7/src -s include  "SHELL=CMD" "COMPILER=mb-gcc" "ARCHIVER=mb-ar" "COMPILER_FLAGS= -O2 -c -mcpu=v10.0 -mlittle-endian -mxl-soft-mul" "EXTRA_COMPILER_FLAGS=-g"
"Running Make libs in microblaze_0/libsrc/bram_v4_1/src"
make -C microblaze_0/libsrc/bram_v4_1/src -s libs  "SHELL=CMD" "COMPILER=mb-gcc" "ARCHIVER=mb-ar" "COMPILER_FLAGS= -O2 -c -mcpu=v10.0 -mlittle-endian -mxl-soft-mul" "EXTRA_COMPILER_FLAGS=-g"
"Compiling bram"
mb-ar: creating ../../../lib/libxil.a
"Running Make libs in microblaze_0/libsrc/cpu_v2_5/src"
make -C microblaze_0/libsrc/cpu_v2_5/src -s libs  "SHELL=CMD" "COMPILER=mb-gcc" "ARCHIVER=mb-ar" "COMPILER_FLAGS= -O2 -c -mcpu=v10.0 -mlittle-endian -mxl-soft-mul" "EXTRA_COMPILER_FLAGS=-g"
"Compiling cpu"
"Running Make libs in microblaze_0/libsrc/gpio_v4_2/src"
make -C microblaze_0/libsrc/gpio_v4_2/src -s libs  "SHELL=CMD" "COMPILER=mb-gcc" "ARCHIVER=mb-ar" "COMPILER_FLAGS= -O2 -c -mcpu=v10.0 -mlittle-endian -mxl-soft-mul" "EXTRA_COMPILER_FLAGS=-g"
"Compiling gpio"
"Running Make libs in microblaze_0/libsrc/spi_v4_2/src"
make -C microblaze_0/libsrc/spi_v4_2/src -s libs  "SHELL=CMD" "COMPILER=mb-gcc" "ARCHIVER=mb-ar" "COMPILER_FLAGS= -O2 -c -mcpu=v10.0 -mlittle-endian -mxl-soft-mul" "EXTRA_COMPILER_FLAGS=-g"
"Compiling spi"
"Running Make libs in microblaze_0/libsrc/standalone_v6_0/src"
make -C microblaze_0/libsrc/standalone_v6_0/src -s libs  "SHELL=CMD" "COMPILER=mb-gcc" "ARCHIVER=mb-ar" "COMPILER_FLAGS= -O2 -c -mcpu=v10.0 -mlittle-endian -mxl-soft-mul" "EXTRA_COMPILER_FLAGS=-g"
"Compiling standalone";
"Running Make libs in microblaze_0/libsrc/uartlite_v3_2/src"
make -C microblaze_0/libsrc/uartlite_v3_2/src -s libs  "SHELL=CMD" "COMPILER=mb-gcc" "ARCHIVER=mb-ar" "COMPILER_FLAGS= -O2 -c -mcpu=v10.0 -mlittle-endian -mxl-soft-mul" "EXTRA_COMPILER_FLAGS=-g"
"Compiling uartlite"
"Running Make libs in microblaze_0/libsrc/xilisf_v5_7/src"
make -C microblaze_0/libsrc/xilisf_v5_7/src -s libs  "SHELL=CMD" "COMPILER=mb-gcc" "ARCHIVER=mb-ar" "COMPILER_FLAGS= -O2 -c -mcpu=v10.0 -mlittle-endian -mxl-soft-mul" "EXTRA_COMPILER_FLAGS=-g"
"Compiling XilIsf Library"
xilisf.c: In function 'XIsf_RegisterInterface':
xilisf.c:1342:37: warning: assignment from incompatible pointer type [-Wincompatible-pointer-types]
  InstancePtr->XIsf_Iface_SetOptions = XSpi_SetOptions;
                                     ^
xilisf.c:1343:41: warning: assignment from incompatible pointer type [-Wincompatible-pointer-types]
  InstancePtr->XIsf_Iface_SetSlaveSelect = XSpi_SetSlaveSelect;
                                         ^
xilisf.c:1344:35: warning: assignment from incompatible pointer type [-Wincompatible-pointer-types]
  InstancePtr->XIsf_Iface_Transfer = XSpi_Transfer;
                                   ^
'Finished building libraries'
13:28:23 **** Auto Build of project adc_bsp ****
make -k all 
"Running Make include in microblaze_0/libsrc/bram_v4_1/src"
make -C microblaze_0/libsrc/bram_v4_1/src -s include  "SHELL=CMD" "COMPILER=mb-gcc" "ARCHIVER=mb-ar" "COMPILER_FLAGS= -O2 -c -mcpu=v10.0 -mlittle-endian -mxl-soft-mul" "EXTRA_COMPILER_FLAGS=-g"
"Running Make include in microblaze_0/libsrc/cpu_v2_5/src"
make -C microblaze_0/libsrc/cpu_v2_5/src -s include  "SHELL=CMD" "COMPILER=mb-gcc" "ARCHIVER=mb-ar" "COMPILER_FLAGS= -O2 -c -mcpu=v10.0 -mlittle-endian -mxl-soft-mul" "EXTRA_COMPILER_FLAGS=-g"
"Running Make include in microblaze_0/libsrc/gpio_v4_2/src"
make -C microblaze_0/libsrc/gpio_v4_2/src -s include  "SHELL=CMD" "COMPILER=mb-gcc" "ARCHIVER=mb-ar" "COMPILER_FLAGS= -O2 -c -mcpu=v10.0 -mlittle-endian -mxl-soft-mul" "EXTRA_COMPILER_FLAGS=-g"
"Running Make include in microblaze_0/libsrc/spi_v4_2/src"
make -C microblaze_0/libsrc/spi_v4_2/src -s include  "SHELL=CMD" "COMPILER=mb-gcc" "ARCHIVER=mb-ar" "COMPILER_FLAGS= -O2 -c -mcpu=v10.0 -mlittle-endian -mxl-soft-mul" "EXTRA_COMPILER_FLAGS=-g"
"Running Make include in microblaze_0/libsrc/standalone_v6_0/src"
make -C microblaze_0/libsrc/standalone_v6_0/src -s include  "SHELL=CMD" "COMPILER=mb-gcc" "ARCHIVER=mb-ar" "COMPILER_FLAGS= -O2 -c -mcpu=v10.0 -mlittle-endian -mxl-soft-mul" "EXTRA_COMPILER_FLAGS=-g"
"Running Make include in microblaze_0/libsrc/uartlite_v3_2/src"
make -C microblaze_0/libsrc/uartlite_v3_2/src -s include  "SHELL=CMD" "COMPILER=mb-gcc" "ARCHIVER=mb-ar" "COMPILER_FLAGS= -O2 -c -mcpu=v10.0 -mlittle-endian -mxl-soft-mul" "EXTRA_COMPILER_FLAGS=-g"
"Running Make include in microblaze_0/libsrc/xilisf_v5_7/src"
make -C microblaze_0/libsrc/xilisf_v5_7/src -s include  "SHELL=CMD" "COMPILER=mb-gcc" "ARCHIVER=mb-ar" "COMPILER_FLAGS= -O2 -c -mcpu=v10.0 -mlittle-endian -mxl-soft-mul" "EXTRA_COMPILER_FLAGS=-g"
"Running Make libs in microblaze_0/libsrc/bram_v4_1/src"
make -C microblaze_0/libsrc/bram_v4_1/src -s libs  "SHELL=CMD" "COMPILER=mb-gcc" "ARCHIVER=mb-ar" "COMPILER_FLAGS= -O2 -c -mcpu=v10.0 -mlittle-endian -mxl-soft-mul" "EXTRA_COMPILER_FLAGS=-g"
"Compiling bram"
mb-ar: creating ../../../lib/libxil.a
"Running Make libs in microblaze_0/libsrc/cpu_v2_5/src"
make -C microblaze_0/libsrc/cpu_v2_5/src -s libs  "SHELL=CMD" "COMPILER=mb-gcc" "ARCHIVER=mb-ar" "COMPILER_FLAGS= -O2 -c -mcpu=v10.0 -mlittle-endian -mxl-soft-mul" "EXTRA_COMPILER_FLAGS=-g"
"Compiling cpu"
"Running Make libs in microblaze_0/libsrc/gpio_v4_2/src"
make -C microblaze_0/libsrc/gpio_v4_2/src -s libs  "SHELL=CMD" "COMPILER=mb-gcc" "ARCHIVER=mb-ar" "COMPILER_FLAGS= -O2 -c -mcpu=v10.0 -mlittle-endian -mxl-soft-mul" "EXTRA_COMPILER_FLAGS=-g"
"Compiling gpio"
"Running Make libs in microblaze_0/libsrc/spi_v4_2/src"
make -C microblaze_0/libsrc/spi_v4_2/src -s libs  "SHELL=CMD" "COMPILER=mb-gcc" "ARCHIVER=mb-ar" "COMPILER_FLAGS= -O2 -c -mcpu=v10.0 -mlittle-endian -mxl-soft-mul" "EXTRA_COMPILER_FLAGS=-g"
"Compiling spi"
"Running Make libs in microblaze_0/libsrc/standalone_v6_0/src"
make -C microblaze_0/libsrc/standalone_v6_0/src -s libs  "SHELL=CMD" "COMPILER=mb-gcc" "ARCHIVER=mb-ar" "COMPILER_FLAGS= -O2 -c -mcpu=v10.0 -mlittle-endian -mxl-soft-mul" "EXTRA_COMPILER_FLAGS=-g"
"Compiling standalone";
"Running Make libs in microblaze_0/libsrc/uartlite_v3_2/src"
make -C microblaze_0/libsrc/uartlite_v3_2/src -s libs  "SHELL=CMD" "COMPILER=mb-gcc" "ARCHIVER=mb-ar" "COMPILER_FLAGS= -O2 -c -mcpu=v10.0 -mlittle-endian -mxl-soft-mul" "EXTRA_COMPILER_FLAGS=-g"
"Compiling uartlite"
"Running Make libs in microblaze_0/libsrc/xilisf_v5_7/src"
make -C microblaze_0/libsrc/xilisf_v5_7/src -s libs  "SHELL=CMD" "COMPILER=mb-gcc" "ARCHIVER=mb-ar" "COMPILER_FLAGS= -O2 -c -mcpu=v10.0 -mlittle-endian -mxl-soft-mul" "EXTRA_COMPILER_FLAGS=-g"
"Compiling XilIsf Library"
xilisf.c: In function 'XIsf_RegisterInterface':
xilisf.c:1342:37: warning: assignment from incompatible pointer type [-Wincompatible-pointer-types]
  InstancePtr->XIsf_Iface_SetOptions = XSpi_SetOptions;
                                     ^
xilisf.c:1343:41: warning: assignment from incompatible pointer type [-Wincompatible-pointer-types]
  InstancePtr->XIsf_Iface_SetSlaveSelect = XSpi_SetSlaveSelect;
                                         ^
xilisf.c:1344:35: warning: assignment from incompatible pointer type [-Wincompatible-pointer-types]
  InstancePtr->XIsf_Iface_Transfer = XSpi_Transfer;
                                   ^
'Finished building libraries'
13:28:26 **** Auto Build of configuration Debug for project adc ****
make all 
'Building file: ../src/adc_main.c'
'Invoking: MicroBlaze gcc compiler'
mb-gcc -Wall -O0 -g3 -c -fmessage-length=0 -MT"src/adc_main.o" -I../../adc_bsp/microblaze_0/include -mlittle-endian -mcpu=v10.0 -mxl-soft-mul -Wl,--no-relax -MMD -MP -MF"src/adc_main.d" -MT"src/adc_main.o" -o "src/adc_main.o" "../src/adc_main.c"
'Finished building: ../src/adc_main.c'
' '
'Building file: ../src/xgpio_tapp_example.c'
'Invoking: MicroBlaze gcc compiler'
mb-gcc -Wall -O0 -g3 -c -fmessage-length=0 -MT"src/xgpio_tapp_example.o" -I../../adc_bsp/microblaze_0/include -mlittle-endian -mcpu=v10.0 -mxl-soft-mul -Wl,--no-relax -MMD -MP -MF"src/xgpio_tapp_example.d" -MT"src/xgpio_tapp_example.o" -o "src/xgpio_tapp_example.o" "../src/xgpio_tapp_example.c"
'Finished building: ../src/xgpio_tapp_example.c'
' '
'Building file: ../src/xspi_selftest_example.c'
'Invoking: MicroBlaze gcc compiler'
mb-gcc -Wall -O0 -g3 -c -fmessage-length=0 -MT"src/xspi_selftest_example.o" -I../../adc_bsp/microblaze_0/include -mlittle-endian -mcpu=v10.0 -mxl-soft-mul -Wl,--no-relax -MMD -MP -MF"src/xspi_selftest_example.d" -MT"src/xspi_selftest_example.o" -o "src/xspi_selftest_example.o" "../src/xspi_selftest_example.c"
'Finished building: ../src/xspi_selftest_example.c'
' '
'Building target: adc.elf'
'Invoking: MicroBlaze gcc linker'
mb-gcc -Wl,-T -Wl,../src/lscript.ld -L../../adc_bsp/microblaze_0/lib -mlittle-endian -mcpu=v10.0 -mxl-soft-mul -Wl,--no-relax -o "adc.elf"  ./src/adc_main.o ./src/xgpio_tapp_example.o ./src/xspi_selftest_example.o   -Wl,--start-group,-lxil,-lgcc,-lc,--end-group
'Finished building target: adc.elf'
' '
'Invoking: MicroBlaze Print Size'
mb-size adc.elf  |tee "adc.elf.size"
   text	   data	    bss	    dec	    hex	filename
 106528	   1716	   3548	 111792	  1b4b0	adc.elf
'Finished building: adc.elf.size'
' '
13:28:26 **** Auto Build of configuration Debug for project adc_bsp_xspi_low_level_example_1 ****
make all 
'Building file: ../src/xspi_low_level_example.c'
'Invoking: MicroBlaze gcc compiler'
mb-gcc -Wall -O0 -g3 -c -fmessage-length=0 -MT"src/xspi_low_level_example.o" -I../../adc_bsp/microblaze_0/include -mlittle-endian -mcpu=v10.0 -mxl-soft-mul -Wl,--no-relax -MMD -MP -MF"src/xspi_low_level_example.d" -MT"src/xspi_low_level_example.o" -o "src/xspi_low_level_example.o" "../src/xspi_low_level_example.c"
'Finished building: ../src/xspi_low_level_example.c'
' '
'Building target: adc_bsp_xspi_low_level_example_1.elf'
'Invoking: MicroBlaze gcc linker'
mb-gcc -Wl,-T -Wl,../src/lscript.ld -L../../adc_bsp/microblaze_0/lib -mlittle-endian -mcpu=v10.0 -mxl-soft-mul -Wl,--no-relax -o "adc_bsp_xspi_low_level_example_1.elf"  ./src/xspi_low_level_example.o   -Wl,--start-group,-lxil,-lgcc,-lc,--end-group
'Finished building target: adc_bsp_xspi_low_level_example_1.elf'
' '
'Invoking: MicroBlaze Print Size'
mb-size adc_bsp_xspi_low_level_example_1.elf  |tee "adc_bsp_xspi_low_level_example_1.elf.size"
   text	   data	    bss	    dec	    hex	filename
  92852	   1596	   3280	  97728	  17dc0	adc_bsp_xspi_low_level_example_1.elf
'Finished building: adc_bsp_xspi_low_level_example_1.elf.size'
' '
13:28:27 **** Auto Build of configuration Debug for project adc_bsp_xspi_polled_example_1 ****
make all 
'Building file: ../src/xspi_polled_example.c'
'Invoking: MicroBlaze gcc compiler'
mb-gcc -Wall -O0 -g3 -c -fmessage-length=0 -MT"src/xspi_polled_example.o" -I../../adc_bsp/microblaze_0/include -mlittle-endian -mcpu=v10.0 -mxl-soft-mul -Wl,--no-relax -MMD -MP -MF"src/xspi_polled_example.d" -MT"src/xspi_polled_example.o" -o "src/xspi_polled_example.o" "../src/xspi_polled_example.c"
'Finished building: ../src/xspi_polled_example.c'
' '
'Building target: adc_bsp_xspi_polled_example_1.elf'
'Invoking: MicroBlaze gcc linker'
mb-gcc -Wl,-T -Wl,../src/lscript.ld -L../../adc_bsp/microblaze_0/lib -mlittle-endian -mcpu=v10.0 -mxl-soft-mul -Wl,--no-relax -o "adc_bsp_xspi_polled_example_1.elf"  ./src/xspi_polled_example.o   -Wl,--start-group,-lxil,-lgcc,-lc,--end-group
'Finished building target: adc_bsp_xspi_polled_example_1.elf'
' '
'Invoking: MicroBlaze Print Size'
mb-size adc_bsp_xspi_polled_example_1.elf  |tee "adc_bsp_xspi_polled_example_1.elf.size"
   text	   data	    bss	    dec	    hex	filename
   8352	    376	   3232	  11960	   2eb8	adc_bsp_xspi_polled_example_1.elf
'Finished building: adc_bsp_xspi_polled_example_1.elf.size'
' '
13:28:27 **** Auto Build of configuration Debug for project bootloader ****
make all 
'Building file: ../src/bootloader.c'
'Invoking: MicroBlaze gcc compiler'
mb-gcc -Wall -O0 -g3 -c -fmessage-length=0 -MT"src/bootloader.o" -I../../adc_bsp/microblaze_0/include -mlittle-endian -mcpu=v10.0 -mxl-soft-mul -Wl,--no-relax -MMD -MP -MF"src/bootloader.d" -MT"src/bootloader.o" -o "src/bootloader.o" "../src/bootloader.c"
In file included from ../src/bootloader.c:37:0:
../src/blconfig.h:32:2: warning: #warning "Please provide the correct address value for the definition FLASH_IMAGE_BASEADDR. Please give the flash offset @ which SREC application is programmed" [-Wcpp]
 #warning "Please provide the correct address value for the definition FLASH_IMAGE_BASEADDR. Please give the flash offset @ which SREC application is programmed"
  ^
../src/bootloader.c:56:2: warning: #warning "Set your Device ID here, as defined in xparameters.h" [-Wcpp]
 #warning "Set your Device ID here, as defined in xparameters.h"
  ^
../src/bootloader.c:135:5: warning: pointer targets in initialization differ in signedness [-Wpointer-sign]
     "",
     ^
../src/bootloader.c:135:5: note: (near initialization for 'errors[0]')
../src/bootloader.c:136:5: warning: pointer targets in initialization differ in signedness [-Wpointer-sign]
     "Error while copying executable image into RAM",
     ^
../src/bootloader.c:136:5: note: (near initialization for 'errors[1]')
../src/bootloader.c:137:5: warning: pointer targets in initialization differ in signedness [-Wpointer-sign]
     "Error while reading an SREC line from flash",
     ^
../src/bootloader.c:137:5: note: (near initialization for 'errors[2]')
../src/bootloader.c:138:5: warning: pointer targets in initialization differ in signedness [-Wpointer-sign]
     "SREC line is corrupted",
     ^
../src/bootloader.c:138:5: note: (near initialization for 'errors[3]')
../src/bootloader.c:139:5: warning: pointer targets in initialization differ in signedness [-Wpointer-sign]
     "SREC has invalid checksum."
     ^
../src/bootloader.c:139:5: note: (near initialization for 'errors[4]')
../src/bootloader.c: In function 'main':
../src/bootloader.c:202:16: warning: pointer targets in passing argument 1 of 'print' differ in signedness [-Wpointer-sign]
         print (errors[ret]);    
                ^
In file included from d:\sdk\2016.3\gnu\microblaze\nt\microblaze-xilinx-elf\include\stdio.h:29:0,
                 from ../src/bootloader.c:34:
d:\sdk\2016.3\gnu\microblaze\nt\microblaze-xilinx-elf\include\stdio.h:223:9: note: expected 'const char *' but argument is of type 'int8_t * {aka signed char *}'
 void    _EXFUN(print, (const char* ));
         ^
../src/bootloader.c:205:16: warning: pointer targets in passing argument 1 of 'print' differ in signedness [-Wpointer-sign]
         print (errors[ret]);
                ^
In file included from d:\sdk\2016.3\gnu\microblaze\nt\microblaze-xilinx-elf\include\stdio.h:29:0,
                 from ../src/bootloader.c:34:
d:\sdk\2016.3\gnu\microblaze\nt\microblaze-xilinx-elf\include\stdio.h:223:9: note: expected 'const char *' but argument is of type 'int8_t * {aka signed char *}'
 void    _EXFUN(print, (const char* ));
         ^
../src/bootloader.c: In function 'flash_get_srec_line':
../src/bootloader.c:289:24: warning: assignment makes integer from pointer without a cast [-Wint-conversion]
      ReadParam.Address = flbuf++;
                        ^
../src/bootloader.c:309:13: warning: implicit declaration of function 'IsfWaitForFlashNotBusy' [-Wimplicit-function-declaration]
    Status = IsfWaitForFlashNotBusy();
             ^
../src/bootloader.c:334:28: warning: assignment makes integer from pointer without a cast [-Wint-conversion]
          ReadParam.Address = flbuf++;
                            ^
'Finished building: ../src/bootloader.c'
' '
'Building file: ../src/platform.c'
'Invoking: MicroBlaze gcc compiler'
mb-gcc -Wall -O0 -g3 -c -fmessage-length=0 -MT"src/platform.o" -I../../adc_bsp/microblaze_0/include -mlittle-endian -mcpu=v10.0 -mxl-soft-mul -Wl,--no-relax -MMD -MP -MF"src/platform.d" -MT"src/platform.o" -o "src/platform.o" "../src/platform.c"
'Finished building: ../src/platform.c'
' '
'Building target: bootloader.elf'
'Invoking: MicroBlaze gcc linker'
mb-gcc -Wl,-T -Wl,../src/lscript.ld -L../../adc_bsp/microblaze_0/lib -mlittle-endian -mcpu=v10.0 -mxl-soft-mul -Wl,--no-relax -o "bootloader.elf"  ./src/bootloader.o ./src/platform.o ./src/srec.o   -Wl,--start-group,-lxil,-lgcc,-lc,--end-group -Wl,--start-group,-lxilisf,-lxil,-lgcc,-lc,--end-group
d:/sdk/2016.3/gnu/microblaze/nt/bin/../lib/gcc/microblaze-xilinx-elf/5.2.0/../../../../microblaze-xilinx-elf/bin/ld.exe: bootloader.elf section `.text' will not fit in region `microblaze_0_local_memory_ilmb_bram_if_cntlr_Mem_microblaze_0_local_memory_dlmb_bram_if_cntlr_Mem'
d:/sdk/2016.3/gnu/microblaze/nt/bin/../lib/gcc/microblaze-xilinx-elf/5.2.0/../../../../microblaze-xilinx-elf/bin/ld.exe: region `microblaze_0_local_memory_ilmb_bram_if_cntlr_Mem_microblaze_0_local_memory_dlmb_bram_if_cntlr_Mem' overflowed by 4352 bytes
collect2.exe: error: ld returned 1 exit status
make: *** [bootloader.elf] 1 הלקת
13:33:13 **** Build of configuration Debug for project bootloader ****
make all 
'Building file: ../src/bootloader.c'
'Invoking: MicroBlaze gcc compiler'
mb-gcc -Wall -O0 -g3 -c -fmessage-length=0 -MT"src/bootloader.o" -I../../adc_bsp/microblaze_0/include -mlittle-endian -mcpu=v10.0 -mxl-soft-mul -Wl,--no-relax -MMD -MP -MF"src/bootloader.d" -MT"src/bootloader.o" -o "src/bootloader.o" "../src/bootloader.c"
In file included from ../src/bootloader.c:37:0:
../src/blconfig.h:32:2: warning: #warning "Please provide the correct address value for the definition FLASH_IMAGE_BASEADDR. Please give the flash offset @ which SREC application is programmed" [-Wcpp]
 #warning "Please provide the correct address value for the definition FLASH_IMAGE_BASEADDR. Please give the flash offset @ which SREC application is programmed"
  ^
../src/bootloader.c:56:2: warning: #warning "Set your Device ID here, as defined in xparameters.h" [-Wcpp]
 #warning "Set your Device ID here, as defined in xparameters.h"
  ^
../src/bootloader.c:135:5: warning: pointer targets in initialization differ in signedness [-Wpointer-sign]
     "",
     ^
../src/bootloader.c:135:5: note: (near initialization for 'errors[0]')
../src/bootloader.c:136:5: warning: pointer targets in initialization differ in signedness [-Wpointer-sign]
     "Error while copying executable image into RAM",
     ^
../src/bootloader.c:136:5: note: (near initialization for 'errors[1]')
../src/bootloader.c:137:5: warning: pointer targets in initialization differ in signedness [-Wpointer-sign]
     "Error while reading an SREC line from flash",
     ^
../src/bootloader.c:137:5: note: (near initialization for 'errors[2]')
../src/bootloader.c:138:5: warning: pointer targets in initialization differ in signedness [-Wpointer-sign]
     "SREC line is corrupted",
     ^
../src/bootloader.c:138:5: note: (near initialization for 'errors[3]')
../src/bootloader.c:139:5: warning: pointer targets in initialization differ in signedness [-Wpointer-sign]
     "SREC has invalid checksum."
     ^
../src/bootloader.c:139:5: note: (near initialization for 'errors[4]')
../src/bootloader.c: In function 'main':
../src/bootloader.c:202:16: warning: pointer targets in passing argument 1 of 'print' differ in signedness [-Wpointer-sign]
         print (errors[ret]);    
                ^
In file included from d:\sdk\2016.3\gnu\microblaze\nt\microblaze-xilinx-elf\include\stdio.h:29:0,
                 from ../src/bootloader.c:34:
d:\sdk\2016.3\gnu\microblaze\nt\microblaze-xilinx-elf\include\stdio.h:223:9: note: expected 'const char *' but argument is of type 'int8_t * {aka signed char *}'
 void    _EXFUN(print, (const char* ));
         ^
../src/bootloader.c:205:16: warning: pointer targets in passing argument 1 of 'print' differ in signedness [-Wpointer-sign]
         print (errors[ret]);
                ^
In file included from d:\sdk\2016.3\gnu\microblaze\nt\microblaze-xilinx-elf\include\stdio.h:29:0,
                 from ../src/bootloader.c:34:
d:\sdk\2016.3\gnu\microblaze\nt\microblaze-xilinx-elf\include\stdio.h:223:9: note: expected 'const char *' but argument is of type 'int8_t * {aka signed char *}'
 void    _EXFUN(print, (const char* ));
         ^
../src/bootloader.c: In function 'flash_get_srec_line':
../src/bootloader.c:289:24: warning: assignment makes integer from pointer without a cast [-Wint-conversion]
      ReadParam.Address = flbuf++;
                        ^
../src/bootloader.c:309:13: warning: implicit declaration of function 'IsfWaitForFlashNotBusy' [-Wimplicit-function-declaration]
    Status = IsfWaitForFlashNotBusy();
             ^
../src/bootloader.c:334:28: warning: assignment makes integer from pointer without a cast [-Wint-conversion]
          ReadParam.Address = flbuf++;
                            ^
'Finished building: ../src/bootloader.c'
' '
'Building file: ../src/platform.c'
'Invoking: MicroBlaze gcc compiler'
mb-gcc -Wall -O0 -g3 -c -fmessage-length=0 -MT"src/platform.o" -I../../adc_bsp/microblaze_0/include -mlittle-endian -mcpu=v10.0 -mxl-soft-mul -Wl,--no-relax -MMD -MP -MF"src/platform.d" -MT"src/platform.o" -o "src/platform.o" "../src/platform.c"
'Finished building: ../src/platform.c'
' '
'Building file: ../src/srec.c'
'Invoking: MicroBlaze gcc compiler'
mb-gcc -Wall -O0 -g3 -c -fmessage-length=0 -MT"src/srec.o" -I../../adc_bsp/microblaze_0/include -mlittle-endian -mcpu=v10.0 -mxl-soft-mul -Wl,--no-relax -MMD -MP -MF"src/srec.d" -MT"src/srec.o" -o "src/srec.o" "../src/srec.c"
'Finished building: ../src/srec.c'
' '
'Building target: bootloader.elf'
'Invoking: MicroBlaze gcc linker'
mb-gcc -Wl,-T -Wl,../src/lscript.ld -L../../adc_bsp/microblaze_0/lib -mlittle-endian -mcpu=v10.0 -mxl-soft-mul -Wl,--no-relax -o "bootloader.elf"  ./src/bootloader.o ./src/platform.o ./src/srec.o   -Wl,--start-group,-lxil,-lgcc,-lc,--end-group -Wl,--start-group,-lxilisf,-lxil,-lgcc,-lc,--end-group
'Finished building target: bootloader.elf'
' '
'Invoking: MicroBlaze Print Size'
mb-size bootloader.elf  |tee "bootloader.elf.size"
   text	   data	    bss	    dec	    hex	filename
  18368	    388	   1932	  20688	   50d0	bootloader.elf
'Finished building: bootloader.elf.size'
' '
13:33:37 **** Incremental Build of configuration Debug for project bootloader ****
make all 
make: .`all רובע תושעל המ ןיא
13:35:40 **** Auto Build of project adc_bsp ****
make -k all 
"Running Make include in microblaze_0/libsrc/bram_v4_1/src"
make -C microblaze_0/libsrc/bram_v4_1/src -s include  "SHELL=CMD" "COMPILER=mb-gcc" "ARCHIVER=mb-ar" "COMPILER_FLAGS= -O2 -c -mcpu=v10.0 -mlittle-endian -mxl-soft-mul" "EXTRA_COMPILER_FLAGS=-g"
"Running Make include in microblaze_0/libsrc/cpu_v2_5/src"
make -C microblaze_0/libsrc/cpu_v2_5/src -s include  "SHELL=CMD" "COMPILER=mb-gcc" "ARCHIVER=mb-ar" "COMPILER_FLAGS= -O2 -c -mcpu=v10.0 -mlittle-endian -mxl-soft-mul" "EXTRA_COMPILER_FLAGS=-g"
"Running Make include in microblaze_0/libsrc/gpio_v4_2/src"
make -C microblaze_0/libsrc/gpio_v4_2/src -s include  "SHELL=CMD" "COMPILER=mb-gcc" "ARCHIVER=mb-ar" "COMPILER_FLAGS= -O2 -c -mcpu=v10.0 -mlittle-endian -mxl-soft-mul" "EXTRA_COMPILER_FLAGS=-g"
"Running Make include in microblaze_0/libsrc/spi_v4_2/src"
make -C microblaze_0/libsrc/spi_v4_2/src -s include  "SHELL=CMD" "COMPILER=mb-gcc" "ARCHIVER=mb-ar" "COMPILER_FLAGS= -O2 -c -mcpu=v10.0 -mlittle-endian -mxl-soft-mul" "EXTRA_COMPILER_FLAGS=-g"
"Running Make include in microblaze_0/libsrc/standalone_v6_0/src"
make -C microblaze_0/libsrc/standalone_v6_0/src -s include  "SHELL=CMD" "COMPILER=mb-gcc" "ARCHIVER=mb-ar" "COMPILER_FLAGS= -O2 -c -mcpu=v10.0 -mlittle-endian -mxl-soft-mul" "EXTRA_COMPILER_FLAGS=-g"
"Running Make include in microblaze_0/libsrc/uartlite_v3_2/src"
make -C microblaze_0/libsrc/uartlite_v3_2/src -s include  "SHELL=CMD" "COMPILER=mb-gcc" "ARCHIVER=mb-ar" "COMPILER_FLAGS= -O2 -c -mcpu=v10.0 -mlittle-endian -mxl-soft-mul" "EXTRA_COMPILER_FLAGS=-g"
"Running Make include in microblaze_0/libsrc/xilisf_v5_7/src"
make -C microblaze_0/libsrc/xilisf_v5_7/src -s include  "SHELL=CMD" "COMPILER=mb-gcc" "ARCHIVER=mb-ar" "COMPILER_FLAGS= -O2 -c -mcpu=v10.0 -mlittle-endian -mxl-soft-mul" "EXTRA_COMPILER_FLAGS=-g"
"Running Make libs in microblaze_0/libsrc/bram_v4_1/src"
make -C microblaze_0/libsrc/bram_v4_1/src -s libs  "SHELL=CMD" "COMPILER=mb-gcc" "ARCHIVER=mb-ar" "COMPILER_FLAGS= -O2 -c -mcpu=v10.0 -mlittle-endian -mxl-soft-mul" "EXTRA_COMPILER_FLAGS=-g"
"Compiling bram"
mb-ar: creating ../../../lib/libxil.a
"Running Make libs in microblaze_0/libsrc/cpu_v2_5/src"
make -C microblaze_0/libsrc/cpu_v2_5/src -s libs  "SHELL=CMD" "COMPILER=mb-gcc" "ARCHIVER=mb-ar" "COMPILER_FLAGS= -O2 -c -mcpu=v10.0 -mlittle-endian -mxl-soft-mul" "EXTRA_COMPILER_FLAGS=-g"
"Compiling cpu"
"Running Make libs in microblaze_0/libsrc/gpio_v4_2/src"
make -C microblaze_0/libsrc/gpio_v4_2/src -s libs  "SHELL=CMD" "COMPILER=mb-gcc" "ARCHIVER=mb-ar" "COMPILER_FLAGS= -O2 -c -mcpu=v10.0 -mlittle-endian -mxl-soft-mul" "EXTRA_COMPILER_FLAGS=-g"
"Compiling gpio"
"Running Make libs in microblaze_0/libsrc/spi_v4_2/src"
make -C microblaze_0/libsrc/spi_v4_2/src -s libs  "SHELL=CMD" "COMPILER=mb-gcc" "ARCHIVER=mb-ar" "COMPILER_FLAGS= -O2 -c -mcpu=v10.0 -mlittle-endian -mxl-soft-mul" "EXTRA_COMPILER_FLAGS=-g"
"Compiling spi"
"Running Make libs in microblaze_0/libsrc/standalone_v6_0/src"
make -C microblaze_0/libsrc/standalone_v6_0/src -s libs  "SHELL=CMD" "COMPILER=mb-gcc" "ARCHIVER=mb-ar" "COMPILER_FLAGS= -O2 -c -mcpu=v10.0 -mlittle-endian -mxl-soft-mul" "EXTRA_COMPILER_FLAGS=-g"
"Compiling standalone";
"Running Make libs in microblaze_0/libsrc/uartlite_v3_2/src"
make -C microblaze_0/libsrc/uartlite_v3_2/src -s libs  "SHELL=CMD" "COMPILER=mb-gcc" "ARCHIVER=mb-ar" "COMPILER_FLAGS= -O2 -c -mcpu=v10.0 -mlittle-endian -mxl-soft-mul" "EXTRA_COMPILER_FLAGS=-g"
"Compiling uartlite"
"Running Make libs in microblaze_0/libsrc/xilisf_v5_7/src"
make -C microblaze_0/libsrc/xilisf_v5_7/src -s libs  "SHELL=CMD" "COMPILER=mb-gcc" "ARCHIVER=mb-ar" "COMPILER_FLAGS= -O2 -c -mcpu=v10.0 -mlittle-endian -mxl-soft-mul" "EXTRA_COMPILER_FLAGS=-g"
"Compiling XilIsf Library"
xilisf.c: In function 'XIsf_RegisterInterface':
xilisf.c:1342:37: warning: assignment from incompatible pointer type [-Wincompatible-pointer-types]
  InstancePtr->XIsf_Iface_SetOptions = XSpi_SetOptions;
                                     ^
xilisf.c:1343:41: warning: assignment from incompatible pointer type [-Wincompatible-pointer-types]
  InstancePtr->XIsf_Iface_SetSlaveSelect = XSpi_SetSlaveSelect;
                                         ^
xilisf.c:1344:35: warning: assignment from incompatible pointer type [-Wincompatible-pointer-types]
  InstancePtr->XIsf_Iface_Transfer = XSpi_Transfer;
                                   ^
'Finished building libraries'
13:35:43 **** Auto Build of configuration Debug for project adc ****
make all 
'Building file: ../src/adc_main.c'
'Invoking: MicroBlaze gcc compiler'
mb-gcc -Wall -O0 -g3 -c -fmessage-length=0 -MT"src/adc_main.o" -I../../adc_bsp/microblaze_0/include -mlittle-endian -mcpu=v10.0 -mxl-soft-mul -Wl,--no-relax -MMD -MP -MF"src/adc_main.d" -MT"src/adc_main.o" -o "src/adc_main.o" "../src/adc_main.c"
'Finished building: ../src/adc_main.c'
' '
'Building file: ../src/xgpio_tapp_example.c'
'Invoking: MicroBlaze gcc compiler'
mb-gcc -Wall -O0 -g3 -c -fmessage-length=0 -MT"src/xgpio_tapp_example.o" -I../../adc_bsp/microblaze_0/include -mlittle-endian -mcpu=v10.0 -mxl-soft-mul -Wl,--no-relax -MMD -MP -MF"src/xgpio_tapp_example.d" -MT"src/xgpio_tapp_example.o" -o "src/xgpio_tapp_example.o" "../src/xgpio_tapp_example.c"
'Finished building: ../src/xgpio_tapp_example.c'
' '
'Building file: ../src/xspi_selftest_example.c'
'Invoking: MicroBlaze gcc compiler'
mb-gcc -Wall -O0 -g3 -c -fmessage-length=0 -MT"src/xspi_selftest_example.o" -I../../adc_bsp/microblaze_0/include -mlittle-endian -mcpu=v10.0 -mxl-soft-mul -Wl,--no-relax -MMD -MP -MF"src/xspi_selftest_example.d" -MT"src/xspi_selftest_example.o" -o "src/xspi_selftest_example.o" "../src/xspi_selftest_example.c"
'Finished building: ../src/xspi_selftest_example.c'
' '
'Building target: adc.elf'
'Invoking: MicroBlaze gcc linker'
mb-gcc -Wl,-T -Wl,../src/lscript.ld -L../../adc_bsp/microblaze_0/lib -mlittle-endian -mcpu=v10.0 -mxl-soft-mul -Wl,--no-relax -o "adc.elf"  ./src/adc_main.o ./src/xgpio_tapp_example.o ./src/xspi_selftest_example.o   -Wl,--start-group,-lxil,-lgcc,-lc,--end-group
'Finished building target: adc.elf'
' '
'Invoking: MicroBlaze Print Size'
mb-size adc.elf  |tee "adc.elf.size"
   text	   data	    bss	    dec	    hex	filename
 106528	   1716	   3548	 111792	  1b4b0	adc.elf
'Finished building: adc.elf.size'
' '
13:35:44 **** Auto Build of configuration Debug for project adc_bsp_xspi_low_level_example_1 ****
make all 
'Building file: ../src/xspi_low_level_example.c'
'Invoking: MicroBlaze gcc compiler'
mb-gcc -Wall -O0 -g3 -c -fmessage-length=0 -MT"src/xspi_low_level_example.o" -I../../adc_bsp/microblaze_0/include -mlittle-endian -mcpu=v10.0 -mxl-soft-mul -Wl,--no-relax -MMD -MP -MF"src/xspi_low_level_example.d" -MT"src/xspi_low_level_example.o" -o "src/xspi_low_level_example.o" "../src/xspi_low_level_example.c"
'Finished building: ../src/xspi_low_level_example.c'
' '
'Building target: adc_bsp_xspi_low_level_example_1.elf'
'Invoking: MicroBlaze gcc linker'
mb-gcc -Wl,-T -Wl,../src/lscript.ld -L../../adc_bsp/microblaze_0/lib -mlittle-endian -mcpu=v10.0 -mxl-soft-mul -Wl,--no-relax -o "adc_bsp_xspi_low_level_example_1.elf"  ./src/xspi_low_level_example.o   -Wl,--start-group,-lxil,-lgcc,-lc,--end-group
'Finished building target: adc_bsp_xspi_low_level_example_1.elf'
' '
'Invoking: MicroBlaze Print Size'
mb-size adc_bsp_xspi_low_level_example_1.elf  |tee "adc_bsp_xspi_low_level_example_1.elf.size"
   text	   data	    bss	    dec	    hex	filename
  92852	   1596	   3280	  97728	  17dc0	adc_bsp_xspi_low_level_example_1.elf
'Finished building: adc_bsp_xspi_low_level_example_1.elf.size'
' '
13:35:44 **** Auto Build of configuration Debug for project adc_bsp_xspi_polled_example_1 ****
make all 
'Building file: ../src/xspi_polled_example.c'
'Invoking: MicroBlaze gcc compiler'
mb-gcc -Wall -O0 -g3 -c -fmessage-length=0 -MT"src/xspi_polled_example.o" -I../../adc_bsp/microblaze_0/include -mlittle-endian -mcpu=v10.0 -mxl-soft-mul -Wl,--no-relax -MMD -MP -MF"src/xspi_polled_example.d" -MT"src/xspi_polled_example.o" -o "src/xspi_polled_example.o" "../src/xspi_polled_example.c"
'Finished building: ../src/xspi_polled_example.c'
' '
'Building target: adc_bsp_xspi_polled_example_1.elf'
'Invoking: MicroBlaze gcc linker'
mb-gcc -Wl,-T -Wl,../src/lscript.ld -L../../adc_bsp/microblaze_0/lib -mlittle-endian -mcpu=v10.0 -mxl-soft-mul -Wl,--no-relax -o "adc_bsp_xspi_polled_example_1.elf"  ./src/xspi_polled_example.o   -Wl,--start-group,-lxil,-lgcc,-lc,--end-group
'Finished building target: adc_bsp_xspi_polled_example_1.elf'
' '
'Invoking: MicroBlaze Print Size'
mb-size adc_bsp_xspi_polled_example_1.elf  |tee "adc_bsp_xspi_polled_example_1.elf.size"
   text	   data	    bss	    dec	    hex	filename
   8352	    376	   3232	  11960	   2eb8	adc_bsp_xspi_polled_example_1.elf
'Finished building: adc_bsp_xspi_polled_example_1.elf.size'
' '
13:35:45 **** Auto Build of configuration Debug for project bootloader ****
make all 
'Building file: ../src/bootloader.c'
'Invoking: MicroBlaze gcc compiler'
mb-gcc -Wall -O0 -g3 -c -fmessage-length=0 -MT"src/bootloader.o" -I../../adc_bsp/microblaze_0/include -mlittle-endian -mcpu=v10.0 -mxl-soft-mul -Wl,--no-relax -MMD -MP -MF"src/bootloader.d" -MT"src/bootloader.o" -o "src/bootloader.o" "../src/bootloader.c"
In file included from ../src/bootloader.c:37:0:
../src/blconfig.h:32:2: warning: #warning "Please provide the correct address value for the definition FLASH_IMAGE_BASEADDR. Please give the flash offset @ which SREC application is programmed" [-Wcpp]
 #warning "Please provide the correct address value for the definition FLASH_IMAGE_BASEADDR. Please give the flash offset @ which SREC application is programmed"
  ^
../src/bootloader.c:56:2: warning: #warning "Set your Device ID here, as defined in xparameters.h" [-Wcpp]
 #warning "Set your Device ID here, as defined in xparameters.h"
  ^
../src/bootloader.c:135:5: warning: pointer targets in initialization differ in signedness [-Wpointer-sign]
     "",
     ^
../src/bootloader.c:135:5: note: (near initialization for 'errors[0]')
../src/bootloader.c:136:5: warning: pointer targets in initialization differ in signedness [-Wpointer-sign]
     "Error while copying executable image into RAM",
     ^
../src/bootloader.c:136:5: note: (near initialization for 'errors[1]')
../src/bootloader.c:137:5: warning: pointer targets in initialization differ in signedness [-Wpointer-sign]
     "Error while reading an SREC line from flash",
     ^
../src/bootloader.c:137:5: note: (near initialization for 'errors[2]')
../src/bootloader.c:138:5: warning: pointer targets in initialization differ in signedness [-Wpointer-sign]
     "SREC line is corrupted",
     ^
../src/bootloader.c:138:5: note: (near initialization for 'errors[3]')
../src/bootloader.c:139:5: warning: pointer targets in initialization differ in signedness [-Wpointer-sign]
     "SREC has invalid checksum."
     ^
../src/bootloader.c:139:5: note: (near initialization for 'errors[4]')
../src/bootloader.c: In function 'main':
../src/bootloader.c:202:16: warning: pointer targets in passing argument 1 of 'print' differ in signedness [-Wpointer-sign]
         print (errors[ret]);    
                ^
In file included from d:\sdk\2016.3\gnu\microblaze\nt\microblaze-xilinx-elf\include\stdio.h:29:0,
                 from ../src/bootloader.c:34:
d:\sdk\2016.3\gnu\microblaze\nt\microblaze-xilinx-elf\include\stdio.h:223:9: note: expected 'const char *' but argument is of type 'int8_t * {aka signed char *}'
 void    _EXFUN(print, (const char* ));
         ^
../src/bootloader.c:205:16: warning: pointer targets in passing argument 1 of 'print' differ in signedness [-Wpointer-sign]
         print (errors[ret]);
                ^
In file included from d:\sdk\2016.3\gnu\microblaze\nt\microblaze-xilinx-elf\include\stdio.h:29:0,
                 from ../src/bootloader.c:34:
d:\sdk\2016.3\gnu\microblaze\nt\microblaze-xilinx-elf\include\stdio.h:223:9: note: expected 'const char *' but argument is of type 'int8_t * {aka signed char *}'
 void    _EXFUN(print, (const char* ));
         ^
../src/bootloader.c: In function 'flash_get_srec_line':
../src/bootloader.c:289:24: warning: assignment makes integer from pointer without a cast [-Wint-conversion]
      ReadParam.Address = flbuf++;
                        ^
../src/bootloader.c:309:13: warning: implicit declaration of function 'IsfWaitForFlashNotBusy' [-Wimplicit-function-declaration]
    Status = IsfWaitForFlashNotBusy();
             ^
../src/bootloader.c:334:28: warning: assignment makes integer from pointer without a cast [-Wint-conversion]
          ReadParam.Address = flbuf++;
                            ^
'Finished building: ../src/bootloader.c'
' '
'Building file: ../src/platform.c'
'Invoking: MicroBlaze gcc compiler'
mb-gcc -Wall -O0 -g3 -c -fmessage-length=0 -MT"src/platform.o" -I../../adc_bsp/microblaze_0/include -mlittle-endian -mcpu=v10.0 -mxl-soft-mul -Wl,--no-relax -MMD -MP -MF"src/platform.d" -MT"src/platform.o" -o "src/platform.o" "../src/platform.c"
'Finished building: ../src/platform.c'
' '
'Building target: bootloader.elf'
'Invoking: MicroBlaze gcc linker'
mb-gcc -Wl,-T -Wl,../src/lscript.ld -L../../adc_bsp/microblaze_0/lib -mlittle-endian -mcpu=v10.0 -mxl-soft-mul -Wl,--no-relax -o "bootloader.elf"  ./src/bootloader.o ./src/platform.o ./src/srec.o   -Wl,--start-group,-lxil,-lgcc,-lc,--end-group -Wl,--start-group,-lxilisf,-lxil,-lgcc,-lc,--end-group
'Finished building target: bootloader.elf'
' '
'Invoking: MicroBlaze Print Size'
mb-size bootloader.elf  |tee "bootloader.elf.size"
   text	   data	    bss	    dec	    hex	filename
  18368	    388	   1932	  20688	   50d0	bootloader.elf
'Finished building: bootloader.elf.size'
' '
13:36:31 **** Auto Build of configuration Debug for project bootloader ****
make all 
'Building file: ../src/bootloader.c'
'Invoking: MicroBlaze gcc compiler'
mb-gcc -Wall -O0 -g3 -c -fmessage-length=0 -MT"src/bootloader.o" -I../../adc_bsp/microblaze_0/include -mlittle-endian -mcpu=v10.0 -mxl-soft-mul -Wl,--no-relax -MMD -MP -MF"src/bootloader.d" -MT"src/bootloader.o" -o "src/bootloader.o" "../src/bootloader.c"
[...]
make -C microblaze_0/libsrc/bram_v4_1/src -s include  "SHELL=CMD" "COMPILER=mb-gcc" "ARCHIVER=mb-ar" "COMPILER_FLAGS= -O2 -c -mcpu=v10.0 -mlittle-endian -mxl-soft-mul" "EXTRA_COMPILER_FLAGS=-g"
"Running Make include in microblaze_0/libsrc/cpu_v2_5/src"
make -C microblaze_0/libsrc/cpu_v2_5/src -s include  "SHELL=CMD" "COMPILER=mb-gcc" "ARCHIVER=mb-ar" "COMPILER_FLAGS= -O2 -c -mcpu=v10.0 -mlittle-endian -mxl-soft-mul" "EXTRA_COMPILER_FLAGS=-g"
"Running Make include in microblaze_0/libsrc/gpio_v4_2/src"
make -C microblaze_0/libsrc/gpio_v4_2/src -s include  "SHELL=CMD" "COMPILER=mb-gcc" "ARCHIVER=mb-ar" "COMPILER_FLAGS= -O2 -c -mcpu=v10.0 -mlittle-endian -mxl-soft-mul" "EXTRA_COMPILER_FLAGS=-g"
"Running Make include in microblaze_0/libsrc/spi_v4_2/src"
make -C microblaze_0/libsrc/spi_v4_2/src -s include  "SHELL=CMD" "COMPILER=mb-gcc" "ARCHIVER=mb-ar" "COMPILER_FLAGS= -O2 -c -mcpu=v10.0 -mlittle-endian -mxl-soft-mul" "EXTRA_COMPILER_FLAGS=-g"
"Running Make include in microblaze_0/libsrc/standalone_v6_0/src"
make -C microblaze_0/libsrc/standalone_v6_0/src -s include  "SHELL=CMD" "COMPILER=mb-gcc" "ARCHIVER=mb-ar" "COMPILER_FLAGS= -O2 -c -mcpu=v10.0 -mlittle-endian -mxl-soft-mul" "EXTRA_COMPILER_FLAGS=-g"
"Running Make include in microblaze_0/libsrc/uartlite_v3_2/src"
make -C microblaze_0/libsrc/uartlite_v3_2/src -s include  "SHELL=CMD" "COMPILER=mb-gcc" "ARCHIVER=mb-ar" "COMPILER_FLAGS= -O2 -c -mcpu=v10.0 -mlittle-endian -mxl-soft-mul" "EXTRA_COMPILER_FLAGS=-g"
"Running Make include in microblaze_0/libsrc/xilisf_v5_7/src"
make -C microblaze_0/libsrc/xilisf_v5_7/src -s include  "SHELL=CMD" "COMPILER=mb-gcc" "ARCHIVER=mb-ar" "COMPILER_FLAGS= -O2 -c -mcpu=v10.0 -mlittle-endian -mxl-soft-mul" "EXTRA_COMPILER_FLAGS=-g"
"Running Make libs in microblaze_0/libsrc/bram_v4_1/src"
make -C microblaze_0/libsrc/bram_v4_1/src -s libs  "SHELL=CMD" "COMPILER=mb-gcc" "ARCHIVER=mb-ar" "COMPILER_FLAGS= -O2 -c -mcpu=v10.0 -mlittle-endian -mxl-soft-mul" "EXTRA_COMPILER_FLAGS=-g"
"Compiling bram"
"Running Make libs in microblaze_0/libsrc/cpu_v2_5/src"
make -C microblaze_0/libsrc/cpu_v2_5/src -s libs  "SHELL=CMD" "COMPILER=mb-gcc" "ARCHIVER=mb-ar" "COMPILER_FLAGS= -O2 -c -mcpu=v10.0 -mlittle-endian -mxl-soft-mul" "EXTRA_COMPILER_FLAGS=-g"
"Compiling cpu"
"Running Make libs in microblaze_0/libsrc/gpio_v4_2/src"
make -C microblaze_0/libsrc/gpio_v4_2/src -s libs  "SHELL=CMD" "COMPILER=mb-gcc" "ARCHIVER=mb-ar" "COMPILER_FLAGS= -O2 -c -mcpu=v10.0 -mlittle-endian -mxl-soft-mul" "EXTRA_COMPILER_FLAGS=-g"
"Compiling gpio"
"Running Make libs in microblaze_0/libsrc/spi_v4_2/src"
make -C microblaze_0/libsrc/spi_v4_2/src -s libs  "SHELL=CMD" "COMPILER=mb-gcc" "ARCHIVER=mb-ar" "COMPILER_FLAGS= -O2 -c -mcpu=v10.0 -mlittle-endian -mxl-soft-mul" "EXTRA_COMPILER_FLAGS=-g"
"Compiling spi"
"Running Make libs in microblaze_0/libsrc/standalone_v6_0/src"
make -C microblaze_0/libsrc/standalone_v6_0/src -s libs  "SHELL=CMD" "COMPILER=mb-gcc" "ARCHIVER=mb-ar" "COMPILER_FLAGS= -O2 -c -mcpu=v10.0 -mlittle-endian -mxl-soft-mul" "EXTRA_COMPILER_FLAGS=-g"
"Compiling standalone";
"Running Make libs in microblaze_0/libsrc/uartlite_v3_2/src"
make -C microblaze_0/libsrc/uartlite_v3_2/src -s libs  "SHELL=CMD" "COMPILER=mb-gcc" "ARCHIVER=mb-ar" "COMPILER_FLAGS= -O2 -c -mcpu=v10.0 -mlittle-endian -mxl-soft-mul" "EXTRA_COMPILER_FLAGS=-g"
"Compiling uartlite"
"Running Make libs in microblaze_0/libsrc/xilisf_v5_7/src"
make -C microblaze_0/libsrc/xilisf_v5_7/src -s libs  "SHELL=CMD" "COMPILER=mb-gcc" "ARCHIVER=mb-ar" "COMPILER_FLAGS= -O2 -c -mcpu=v10.0 -mlittle-endian -mxl-soft-mul" "EXTRA_COMPILER_FLAGS=-g"
"Compiling XilIsf Library"
'Finished building libraries'
17:14:03 **** Build of configuration Debug for project adc ****
make all 
'Building file: ../src/adc_main.c'
'Invoking: MicroBlaze gcc compiler'
mb-gcc -Wall -O0 -g3 -c -fmessage-length=0 -MT"src/adc_main.o" -I../../adc_bsp/microblaze_0/include -mlittle-endian -mcpu=v10.0 -mxl-soft-mul -Wl,--no-relax -MMD -MP -MF"src/adc_main.d" -MT"src/adc_main.o" -o "src/adc_main.o" "../src/adc_main.c"
../src/adc_main.c: In function 'main':
../src/adc_main.c:258:10: warning: unused variable 'message' [-Wunused-variable]
       u8 message=READ_REG_DEVICE_ID;
          ^
'Finished building: ../src/adc_main.c'
' '
'Building file: ../src/xgpio_tapp_example.c'
'Invoking: MicroBlaze gcc compiler'
mb-gcc -Wall -O0 -g3 -c -fmessage-length=0 -MT"src/xgpio_tapp_example.o" -I../../adc_bsp/microblaze_0/include -mlittle-endian -mcpu=v10.0 -mxl-soft-mul -Wl,--no-relax -MMD -MP -MF"src/xgpio_tapp_example.d" -MT"src/xgpio_tapp_example.o" -o "src/xgpio_tapp_example.o" "../src/xgpio_tapp_example.c"
'Finished building: ../src/xgpio_tapp_example.c'
' '
'Building file: ../src/xspi_selftest_example.c'
'Invoking: MicroBlaze gcc compiler'
mb-gcc -Wall -O0 -g3 -c -fmessage-length=0 -MT"src/xspi_selftest_example.o" -I../../adc_bsp/microblaze_0/include -mlittle-endian -mcpu=v10.0 -mxl-soft-mul -Wl,--no-relax -MMD -MP -MF"src/xspi_selftest_example.d" -MT"src/xspi_selftest_example.o" -o "src/xspi_selftest_example.o" "../src/xspi_selftest_example.c"
'Finished building: ../src/xspi_selftest_example.c'
' '
'Building target: adc.elf'
'Invoking: MicroBlaze gcc linker'
mb-gcc -Wl,-T -Wl,../src/lscript.ld -L../../adc_bsp/microblaze_0/lib -mlittle-endian -mcpu=v10.0 -mxl-soft-mul -Wl,--no-relax -o "adc.elf"  ./src/adc_main.o ./src/xgpio_tapp_example.o ./src/xspi_selftest_example.o   -Wl,--start-group,-lxil,-lgcc,-lc,--end-group -Wl,--start-group,-lxilisf,-lxil,-lgcc,-lc,--end-group
'Finished building target: adc.elf'
' '
'Invoking: MicroBlaze Print Size'
mb-size adc.elf  |tee "adc.elf.size"
   text	   data	    bss	    dec	    hex	filename
 107796	   1716	   2528	 112040	  1b5a8	adc.elf
'Finished building: adc.elf.size'
' '
17:14:03 **** Build of configuration Debug for project adc_bsp_xspi_polled_example_1 ****
make all 
'Building file: ../src/xspi_polled_example.c'
'Invoking: MicroBlaze gcc compiler'
mb-gcc -Wall -O0 -g3 -c -fmessage-length=0 -MT"src/xspi_polled_example.o" -I../../adc_bsp/microblaze_0/include -mlittle-endian -mcpu=v10.0 -mxl-soft-mul -Wl,--no-relax -MMD -MP -MF"src/xspi_polled_example.d" -MT"src/xspi_polled_example.o" -o "src/xspi_polled_example.o" "../src/xspi_polled_example.c"
'Finished building: ../src/xspi_polled_example.c'
' '
'Building target: adc_bsp_xspi_polled_example_1.elf'
'Invoking: MicroBlaze gcc linker'
mb-gcc -Wl,-T -Wl,../src/lscript.ld -L../../adc_bsp/microblaze_0/lib -mlittle-endian -mcpu=v10.0 -mxl-soft-mul -Wl,--no-relax -o "adc_bsp_xspi_polled_example_1.elf"  ./src/xspi_polled_example.o   -Wl,--start-group,-lxil,-lgcc,-lc,--end-group
'Finished building target: adc_bsp_xspi_polled_example_1.elf'
' '
'Invoking: MicroBlaze Print Size'
mb-size adc_bsp_xspi_polled_example_1.elf  |tee "adc_bsp_xspi_polled_example_1.elf.size"
   text	   data	    bss	    dec	    hex	filename
   8352	    376	   3232	  11960	   2eb8	adc_bsp_xspi_polled_example_1.elf
'Finished building: adc_bsp_xspi_polled_example_1.elf.size'
' '
17:14:04 **** Build of configuration Debug for project boot ****
make all 
'Building file: ../src/bootloader.c'
'Invoking: MicroBlaze gcc compiler'
mb-gcc -Wall -O0 -g3 -c -fmessage-length=0 -MT"src/bootloader.o" -I../../adc_bsp/microblaze_0/include -mlittle-endian -mcpu=v10.0 -mxl-soft-mul -Wl,--no-relax -MMD -MP -MF"src/bootloader.d" -MT"src/bootloader.o" -o "src/bootloader.o" "../src/bootloader.c"
In file included from ../src/bootloader.c:37:0:
../src/blconfig.h:32:2: warning: #warning "Please provide the correct address value for the definition FLASH_IMAGE_BASEADDR. Please give the flash offset @ which SREC application is programmed" [-Wcpp]
 #warning "Please provide the correct address value for the definition FLASH_IMAGE_BASEADDR. Please give the flash offset @ which SREC application is programmed"
  ^
../src/bootloader.c:56:2: warning: #warning "Set your Device ID here, as defined in xparameters.h" [-Wcpp]
 #warning "Set your Device ID here, as defined in xparameters.h"
  ^
../src/bootloader.c:135:5: warning: pointer targets in initialization differ in signedness [-Wpointer-sign]
     "",
     ^
../src/bootloader.c:135:5: note: (near initialization for 'errors[0]')
../src/bootloader.c:136:5: warning: pointer targets in initialization differ in signedness [-Wpointer-sign]
     "Error while copying executable image into RAM",
     ^
../src/bootloader.c:136:5: note: (near initialization for 'errors[1]')
../src/bootloader.c:137:5: warning: pointer targets in initialization differ in signedness [-Wpointer-sign]
     "Error while reading an SREC line from flash",
     ^
../src/bootloader.c:137:5: note: (near initialization for 'errors[2]')
../src/bootloader.c:138:5: warning: pointer targets in initialization differ in signedness [-Wpointer-sign]
     "SREC line is corrupted",
     ^
../src/bootloader.c:138:5: note: (near initialization for 'errors[3]')
../src/bootloader.c:139:5: warning: pointer targets in initialization differ in signedness [-Wpointer-sign]
     "SREC has invalid checksum."
     ^
../src/bootloader.c:139:5: note: (near initialization for 'errors[4]')
../src/bootloader.c: In function 'main':
../src/bootloader.c:202:16: warning: pointer targets in passing argument 1 of 'print' differ in signedness [-Wpointer-sign]
         print (errors[ret]);    
                ^
In file included from d:\sdk\2016.3\gnu\microblaze\nt\microblaze-xilinx-elf\include\stdio.h:29:0,
                 from ../src/bootloader.c:34:
d:\sdk\2016.3\gnu\microblaze\nt\microblaze-xilinx-elf\include\stdio.h:223:9: note: expected 'const char *' but argument is of type 'int8_t * {aka signed char *}'
 void    _EXFUN(print, (const char* ));
         ^
../src/bootloader.c:205:16: warning: pointer targets in passing argument 1 of 'print' differ in signedness [-Wpointer-sign]
         print (errors[ret]);
                ^
In file included from d:\sdk\2016.3\gnu\microblaze\nt\microblaze-xilinx-elf\include\stdio.h:29:0,
                 from ../src/bootloader.c:34:
d:\sdk\2016.3\gnu\microblaze\nt\microblaze-xilinx-elf\include\stdio.h:223:9: note: expected 'const char *' but argument is of type 'int8_t * {aka signed char *}'
 void    _EXFUN(print, (const char* ));
         ^
../src/bootloader.c: In function 'flash_get_srec_line':
../src/bootloader.c:289:24: warning: assignment makes integer from pointer without a cast [-Wint-conversion]
      ReadParam.Address = flbuf++;
                        ^
../src/bootloader.c:328:6: warning: implicit declaration of function 'IsfWaitForFlashNotBusy' [-Wimplicit-function-declaration]
      IsfWaitForFlashNotBusy();
      ^
../src/bootloader.c:334:28: warning: assignment makes integer from pointer without a cast [-Wint-conversion]
          ReadParam.Address = flbuf++;
                            ^
'Finished building: ../src/bootloader.c'
' '
'Building target: boot.elf'
'Invoking: MicroBlaze gcc linker'
mb-gcc -Wl,-T -Wl,../src/lscript.ld -L../../adc_bsp/microblaze_0/lib -mlittle-endian -mcpu=v10.0 -mxl-soft-mul -Wl,--no-relax -o "boot.elf"  ./src/bootloader.o ./src/platform.o ./src/srec.o   -Wl,--start-group,-lxil,-lgcc,-lc,--end-group -Wl,--start-group,-lxilisf,-lxil,-lgcc,-lc,--end-group
'Finished building target: boot.elf'
' '
'Invoking: MicroBlaze Print Size'
mb-size boot.elf  |tee "boot.elf.size"
   text	   data	    bss	    dec	    hex	filename
  17168	    388	   1932	  19488	   4c20	boot.elf
'Finished building: boot.elf.size'
' '
17:14:04 **** Build of project spi_sm_bsp ****
make -k all 
"Running Make include in microblaze_0/libsrc/bram_v4_1/src"
make -C microblaze_0/libsrc/bram_v4_1/src -s include  "SHELL=CMD" "COMPILER=mb-gcc" "ARCHIVER=mb-ar" "COMPILER_FLAGS= -O2 -c -mcpu=v10.0 -mlittle-endian -mxl-soft-mul" "EXTRA_COMPILER_FLAGS=-g"
"Running Make include in microblaze_0/libsrc/cpu_v2_5/src"
make -C microblaze_0/libsrc/cpu_v2_5/src -s include  "SHELL=CMD" "COMPILER=mb-gcc" "ARCHIVER=mb-ar" "COMPILER_FLAGS= -O2 -c -mcpu=v10.0 -mlittle-endian -mxl-soft-mul" "EXTRA_COMPILER_FLAGS=-g"
"Running Make include in microblaze_0/libsrc/gpio_v4_2/src"
make -C microblaze_0/libsrc/gpio_v4_2/src -s include  "SHELL=CMD" "COMPILER=mb-gcc" "ARCHIVER=mb-ar" "COMPILER_FLAGS= -O2 -c -mcpu=v10.0 -mlittle-endian -mxl-soft-mul" "EXTRA_COMPILER_FLAGS=-g"
"Running Make include in microblaze_0/libsrc/spi_v4_2/src"
make -C microblaze_0/libsrc/spi_v4_2/src -s include  "SHELL=CMD" "COMPILER=mb-gcc" "ARCHIVER=mb-ar" "COMPILER_FLAGS= -O2 -c -mcpu=v10.0 -mlittle-endian -mxl-soft-mul" "EXTRA_COMPILER_FLAGS=-g"
"Running Make include in microblaze_0/libsrc/standalone_v6_0/src"
make -C microblaze_0/libsrc/standalone_v6_0/src -s include  "SHELL=CMD" "COMPILER=mb-gcc" "ARCHIVER=mb-ar" "COMPILER_FLAGS= -O2 -c -mcpu=v10.0 -mlittle-endian -mxl-soft-mul" "EXTRA_COMPILER_FLAGS=-g"
"Running Make include in microblaze_0/libsrc/uartlite_v3_2/src"
make -C microblaze_0/libsrc/uartlite_v3_2/src -s include  "SHELL=CMD" "COMPILER=mb-gcc" "ARCHIVER=mb-ar" "COMPILER_FLAGS= -O2 -c -mcpu=v10.0 -mlittle-endian -mxl-soft-mul" "EXTRA_COMPILER_FLAGS=-g"
"Running Make libs in microblaze_0/libsrc/bram_v4_1/src"
make -C microblaze_0/libsrc/bram_v4_1/src -s libs  "SHELL=CMD" "COMPILER=mb-gcc" "ARCHIVER=mb-ar" "COMPILER_FLAGS= -O2 -c -mcpu=v10.0 -mlittle-endian -mxl-soft-mul" "EXTRA_COMPILER_FLAGS=-g"
"Compiling bram"
"Running Make libs in microblaze_0/libsrc/cpu_v2_5/src"
make -C microblaze_0/libsrc/cpu_v2_5/src -s libs  "SHELL=CMD" "COMPILER=mb-gcc" "ARCHIVER=mb-ar" "COMPILER_FLAGS= -O2 -c -mcpu=v10.0 -mlittle-endian -mxl-soft-mul" "EXTRA_COMPILER_FLAGS=-g"
"Compiling cpu"
"Running Make libs in microblaze_0/libsrc/gpio_v4_2/src"
make -C microblaze_0/libsrc/gpio_v4_2/src -s libs  "SHELL=CMD" "COMPILER=mb-gcc" "ARCHIVER=mb-ar" "COMPILER_FLAGS= -O2 -c -mcpu=v10.0 -mlittle-endian -mxl-soft-mul" "EXTRA_COMPILER_FLAGS=-g"
"Compiling gpio"
"Running Make libs in microblaze_0/libsrc/spi_v4_2/src"
make -C microblaze_0/libsrc/spi_v4_2/src -s libs  "SHELL=CMD" "COMPILER=mb-gcc" "ARCHIVER=mb-ar" "COMPILER_FLAGS= -O2 -c -mcpu=v10.0 -mlittle-endian -mxl-soft-mul" "EXTRA_COMPILER_FLAGS=-g"
"Compiling spi"
"Running Make libs in microblaze_0/libsrc/standalone_v6_0/src"
make -C microblaze_0/libsrc/standalone_v6_0/src -s libs  "SHELL=CMD" "COMPILER=mb-gcc" "ARCHIVER=mb-ar" "COMPILER_FLAGS= -O2 -c -mcpu=v10.0 -mlittle-endian -mxl-soft-mul" "EXTRA_COMPILER_FLAGS=-g"
"Compiling standalone";
"Running Make libs in microblaze_0/libsrc/uartlite_v3_2/src"
make -C microblaze_0/libsrc/uartlite_v3_2/src -s libs  "SHELL=CMD" "COMPILER=mb-gcc" "ARCHIVER=mb-ar" "COMPILER_FLAGS= -O2 -c -mcpu=v10.0 -mlittle-endian -mxl-soft-mul" "EXTRA_COMPILER_FLAGS=-g"
"Compiling uartlite"
Command canceled
17:14:09 **** Build of project spi_sm_bsp ****
make -k all 
"Running Make include in microblaze_0/libsrc/bram_v4_1/src"
make -C microblaze_0/libsrc/bram_v4_1/src -s include  "SHELL=CMD" "COMPILER=mb-gcc" "ARCHIVER=mb-ar" "COMPILER_FLAGS= -O2 -c -mcpu=v10.0 -mlittle-endian -mxl-soft-mul" "EXTRA_COMPILER_FLAGS=-g"
"Running Make include in microblaze_0/libsrc/cpu_v2_5/src"
make -C microblaze_0/libsrc/cpu_v2_5/src -s include  "SHELL=CMD" "COMPILER=mb-gcc" "ARCHIVER=mb-ar" "COMPILER_FLAGS= -O2 -c -mcpu=v10.0 -mlittle-endian -mxl-soft-mul" "EXTRA_COMPILER_FLAGS=-g"
"Running Make include in microblaze_0/libsrc/gpio_v4_2/src"
make -C microblaze_0/libsrc/gpio_v4_2/src -s include  "SHELL=CMD" "COMPILER=mb-gcc" "ARCHIVER=mb-ar" "COMPILER_FLAGS= -O2 -c -mcpu=v10.0 -mlittle-endian -mxl-soft-mul" "EXTRA_COMPILER_FLAGS=-g"
"Running Make include in microblaze_0/libsrc/spi_v4_2/src"
make -C microblaze_0/libsrc/spi_v4_2/src -s include  "SHELL=CMD" "COMPILER=mb-gcc" "ARCHIVER=mb-ar" "COMPILER_FLAGS= -O2 -c -mcpu=v10.0 -mlittle-endian -mxl-soft-mul" "EXTRA_COMPILER_FLAGS=-g"
"Running Make include in microblaze_0/libsrc/standalone_v6_0/src"
make -C microblaze_0/libsrc/standalone_v6_0/src -s include  "SHELL=CMD" "COMPILER=mb-gcc" "ARCHIVER=mb-ar" "COMPILER_FLAGS= -O2 -c -mcpu=v10.0 -mlittle-endian -mxl-soft-mul" "EXTRA_COMPILER_FLAGS=-g"
"Running Make include in microblaze_0/libsrc/uartlite_v3_2/src"
make -C microblaze_0/libsrc/uartlite_v3_2/src -s include  "SHELL=CMD" "COMPILER=mb-gcc" "ARCHIVER=mb-ar" "COMPILER_FLAGS= -O2 -c -mcpu=v10.0 -mlittle-endian -mxl-soft-mul" "EXTRA_COMPILER_FLAGS=-g"
"Running Make libs in microblaze_0/libsrc/bram_v4_1/src"
make -C microblaze_0/libsrc/bram_v4_1/src -s libs  "SHELL=CMD" "COMPILER=mb-gcc" "ARCHIVER=mb-ar" "COMPILER_FLAGS= -O2 -c -mcpu=v10.0 -mlittle-endian -mxl-soft-mul" "EXTRA_COMPILER_FLAGS=-g"
"Compiling bram"
"Running Make libs in microblaze_0/libsrc/cpu_v2_5/src"
make -C microblaze_0/libsrc/cpu_v2_5/src -s libs  "SHELL=CMD" "COMPILER=mb-gcc" "ARCHIVER=mb-ar" "COMPILER_FLAGS= -O2 -c -mcpu=v10.0 -mlittle-endian -mxl-soft-mul" "EXTRA_COMPILER_FLAGS=-g"
"Compiling cpu"
"Running Make libs in microblaze_0/libsrc/gpio_v4_2/src"
make -C microblaze_0/libsrc/gpio_v4_2/src -s libs  "SHELL=CMD" "COMPILER=mb-gcc" "ARCHIVER=mb-ar" "COMPILER_FLAGS= -O2 -c -mcpu=v10.0 -mlittle-endian -mxl-soft-mul" "EXTRA_COMPILER_FLAGS=-g"
"Compiling gpio"
"Running Make libs in microblaze_0/libsrc/spi_v4_2/src"
make -C microblaze_0/libsrc/spi_v4_2/src -s libs  "SHELL=CMD" "COMPILER=mb-gcc" "ARCHIVER=mb-ar" "COMPILER_FLAGS= -O2 -c -mcpu=v10.0 -mlittle-endian -mxl-soft-mul" "EXTRA_COMPILER_FLAGS=-g"
"Compiling spi"
"Running Make libs in microblaze_0/libsrc/standalone_v6_0/src"
make -C microblaze_0/libsrc/standalone_v6_0/src -s libs  "SHELL=CMD" "COMPILER=mb-gcc" "ARCHIVER=mb-ar" "COMPILER_FLAGS= -O2 -c -mcpu=v10.0 -mlittle-endian -mxl-soft-mul" "EXTRA_COMPILER_FLAGS=-g"
"Compiling standalone";
"Running Make libs in microblaze_0/libsrc/uartlite_v3_2/src"
make -C microblaze_0/libsrc/uartlite_v3_2/src -s libs  "SHELL=CMD" "COMPILER=mb-gcc" "ARCHIVER=mb-ar" "COMPILER_FLAGS= -O2 -c -mcpu=v10.0 -mlittle-endian -mxl-soft-mul" "EXTRA_COMPILER_FLAGS=-g"
"Compiling uartlite"
'Finished building libraries'
17:14:16 **** Build of configuration Debug for project spi_sm ****
make all 
'Building file: ../src/testperiph.c'
'Invoking: MicroBlaze gcc compiler'
mb-gcc -Wall -O0 -g3 -c -fmessage-length=0 -MT"src/testperiph.o" -I../../spi_sm_bsp/microblaze_0/include -mlittle-endian -mcpu=v10.0 -mxl-soft-mul -Wl,--no-relax -MMD -MP -MF"src/testperiph.d" -MT"src/testperiph.o" -o "src/testperiph.o" "../src/testperiph.c"
'Finished building: ../src/testperiph.c'
' '
'Building file: ../src/xgpio_tapp_example.c'
'Invoking: MicroBlaze gcc compiler'
mb-gcc -Wall -O0 -g3 -c -fmessage-length=0 -MT"src/xgpio_tapp_example.o" -I../../spi_sm_bsp/microblaze_0/include -mlittle-endian -mcpu=v10.0 -mxl-soft-mul -Wl,--no-relax -MMD -MP -MF"src/xgpio_tapp_example.d" -MT"src/xgpio_tapp_example.o" -o "src/xgpio_tapp_example.o" "../src/xgpio_tapp_example.c"
'Finished building: ../src/xgpio_tapp_example.c'
' '
'Building file: ../src/xspi_selftest_example.c'
'Invoking: MicroBlaze gcc compiler'
mb-gcc -Wall -O0 -g3 -c -fmessage-length=0 -MT"src/xspi_selftest_example.o" -I../../spi_sm_bsp/microblaze_0/include -mlittle-endian -mcpu=v10.0 -mxl-soft-mul -Wl,--no-relax -MMD -MP -MF"src/xspi_selftest_example.d" -MT"src/xspi_selftest_example.o" -o "src/xspi_selftest_example.o" "../src/xspi_selftest_example.c"
'Finished building: ../src/xspi_selftest_example.c'
' '
'Building target: spi_sm.elf'
'Invoking: MicroBlaze gcc linker'
mb-gcc -Wl,-T -Wl,../src/lscript.ld -L../../spi_sm_bsp/microblaze_0/lib -mlittle-endian -mcpu=v10.0 -mxl-soft-mul -Wl,--no-relax -o "spi_sm.elf"  ./src/testperiph.o ./src/xgpio_tapp_example.o ./src/xspi_selftest_example.o   -Wl,--start-group,-lxil,-lgcc,-lc,--end-group
'Finished building target: spi_sm.elf'
' '
'Invoking: MicroBlaze Print Size'
mb-size spi_sm.elf  |tee "spi_sm.elf.size"
   text	   data	    bss	    dec	    hex	filename
 104892	   1672	   3332	 109896	  1ad48	spi_sm.elf
'Finished building: spi_sm.elf.size'
' '
17:14:35 **** Auto Build of configuration Debug for project gpio ****
make all 
make: .`all רובע תושעל המ ןיא
